Archive member included to satisfy reference by file (symbol)

c:/Nintendo3DS/Programs/devkitPro/libctru/lib\libctru.a(console.o)
                              main.o (consoleSelect)
c:/Nintendo3DS/Programs/devkitPro/libctru/lib\libctru.a(gfx.o)
                              c:/Nintendo3DS/Programs/devkitPro/libctru/lib\libctru.a(console.o) (gfxSetScreenFormat)
c:/Nintendo3DS/Programs/devkitPro/libctru/lib\libctru.a(sdmc_dev.o)
                              main.o (sdmcExit)
c:/Nintendo3DS/Programs/devkitPro/libctru/lib\libctru.a(gx.o)
                              c:/Nintendo3DS/Programs/devkitPro/libctru/lib\libctru.a(gfx.o) (gxCmdBuf)
c:/Nintendo3DS/Programs/devkitPro/libctru/lib\libctru.a(ac.o)
                              main.o (acInit)
c:/Nintendo3DS/Programs/devkitPro/libctru/lib\libctru.a(apt.o)
                              main.o (aptMainLoop)
c:/Nintendo3DS/Programs/devkitPro/libctru/lib\libctru.a(fs.o)
                              c:/Nintendo3DS/Programs/devkitPro/libctru/lib\libctru.a(sdmc_dev.o) (fsExemptFromSession)
c:/Nintendo3DS/Programs/devkitPro/libctru/lib\libctru.a(gspgpu.o)
                              c:/Nintendo3DS/Programs/devkitPro/libctru/lib\libctru.a(gfx.o) (gspInit)
c:/Nintendo3DS/Programs/devkitPro/libctru/lib\libctru.a(hid.o)
                              main.o (hidScanInput)
c:/Nintendo3DS/Programs/devkitPro/libctru/lib\libctru.a(irrst.o)
                              c:/Nintendo3DS/Programs/devkitPro/libctru/lib\libctru.a(hid.o) (irrstScanInput)
c:/Nintendo3DS/Programs/devkitPro/libctru/lib\libctru.a(decode_utf8.o)
                              c:/Nintendo3DS/Programs/devkitPro/libctru/lib\libctru.a(sdmc_dev.o) (decode_utf8)
c:/Nintendo3DS/Programs/devkitPro/libctru/lib\libctru.a(utf16_to_utf8.o)
                              c:/Nintendo3DS/Programs/devkitPro/libctru/lib\libctru.a(sdmc_dev.o) (utf16_to_utf8)
c:/Nintendo3DS/Programs/devkitPro/libctru/lib\libctru.a(utf8_to_utf16.o)
                              c:/Nintendo3DS/Programs/devkitPro/libctru/lib\libctru.a(sdmc_dev.o) (utf8_to_utf16)
c:/Nintendo3DS/Programs/devkitPro/libctru/lib\libctru.a(initArgv.o)
                              c:/nintendo3ds/programs/devkitpro/devkitarm/bin/../lib/gcc/arm-none-eabi/5.3.0/../../../../arm-none-eabi/lib/armv6k/fpu/3dsx_crt0.o (__system_argc)
c:/Nintendo3DS/Programs/devkitPro/libctru/lib\libctru.a(initSystem.o)
                              c:/Nintendo3DS/Programs/devkitPro/libctru/lib\libctru.a(apt.o) (__system_retAddr)
c:/Nintendo3DS/Programs/devkitPro/libctru/lib\libctru.a(syscalls.o)
                              c:/Nintendo3DS/Programs/devkitPro/libctru/lib\libctru.a(initSystem.o) (__system_initSyscalls)
c:/Nintendo3DS/Programs/devkitPro/libctru/lib\libctru.a(svc.o)
                              c:/Nintendo3DS/Programs/devkitPro/libctru/lib\libctru.a(apt.o) (svcExitProcess)
c:/Nintendo3DS/Programs/devkitPro/libctru/lib\libctru.a(readtp.o)
                              c:/Nintendo3DS/Programs/devkitPro/libctru/lib\libctru.a(sdmc_dev.o) (__aeabi_read_tp)
c:/Nintendo3DS/Programs/devkitPro/libctru/lib\libctru.a(stack_adjust.o)
                              c:/nintendo3ds/programs/devkitpro/devkitarm/bin/../lib/gcc/arm-none-eabi/5.3.0/../../../../arm-none-eabi/lib/armv6k/fpu/3dsx_crt0.o (initSystem)
c:/Nintendo3DS/Programs/devkitPro/libctru/lib\libctru.a(default_font.bin.o)
                              c:/Nintendo3DS/Programs/devkitPro/libctru/lib\libctru.a(console.o) (default_font_bin)
c:/Nintendo3DS/Programs/devkitPro/libctru/lib\libctru.a(linear.o)
                              c:/Nintendo3DS/Programs/devkitPro/libctru/lib\libctru.a(gfx.o) (linearAlloc)
c:/Nintendo3DS/Programs/devkitPro/libctru/lib\libctru.a(mappable.o)
                              c:/Nintendo3DS/Programs/devkitPro/libctru/lib\libctru.a(gfx.o) (mappableAlloc)
c:/Nintendo3DS/Programs/devkitPro/libctru/lib\libctru.a(mem_pool.o)
                              c:/Nintendo3DS/Programs/devkitPro/libctru/lib\libctru.a(linear.o) (MemPool::Allocate(MemChunk&, unsigned long, int))
c:/Nintendo3DS/Programs/devkitPro/libctru/lib\libctru.a(vram.o)
                              c:/Nintendo3DS/Programs/devkitPro/libctru/lib\libctru.a(gfx.o) (vramAlloc)
c:/Nintendo3DS/Programs/devkitPro/libctru/lib\libctru.a(env.o)
                              c:/Nintendo3DS/Programs/devkitPro/libctru/lib\libctru.a(fs.o) (envGetHandle)
c:/Nintendo3DS/Programs/devkitPro/libctru/lib\libctru.a(os.o)
                              c:/Nintendo3DS/Programs/devkitPro/libctru/lib\libctru.a(syscalls.o) (__libctru_gtod)
c:/Nintendo3DS/Programs/devkitPro/libctru/lib\libctru.a(srv.o)
                              c:/Nintendo3DS/Programs/devkitPro/libctru/lib\libctru.a(apt.o) (srvInit)
c:/Nintendo3DS/Programs/devkitPro/libctru/lib\libctru.a(synchronization.o)
                              c:/Nintendo3DS/Programs/devkitPro/libctru/lib\libctru.a(initSystem.o) (__sync_init)
c:/Nintendo3DS/Programs/devkitPro/libctru/lib\libctru.a(thread.o)
[...]
Memory Configuration

Name             Origin             Length             Attributes
*default*        0x00000000         0xffffffff

Linker script and memory map

                0x00100000                . = 0x100000
                0x00100000                __start__ = .

.text           0x00100000    0x20e28
 *(.crt0)
 .crt0          0x00100000       0x94 c:/nintendo3ds/programs/devkitpro/devkitarm/bin/../lib/gcc/arm-none-eabi/5.3.0/../../../../arm-none-eabi/lib/armv6k/fpu/3dsx_crt0.o
                0x00100000                _start
                0x00100008                __service_ptr
                0x0010000c                __apt_appid
                0x00100010                __heap_size
                0x00100014                __linear_heap_size
                0x00100018                __system_arglist
                0x0010001c                __system_runflags
 *(.init)
 .init          0x00100094        0xc c:/nintendo3ds/programs/devkitpro/devkitarm/bin/../lib/gcc/arm-none-eabi/5.3.0/armv6k/fpu/crti.o
                0x00100094                _init
 .init          0x001000a0        0xc c:/nintendo3ds/programs/devkitpro/devkitarm/bin/../lib/gcc/arm-none-eabi/5.3.0/armv6k/fpu/crtn.o
                0x001000ac                . = ALIGN (0x4)
 *(.text)
 .text          0x001000ac      0x108 c:/nintendo3ds/programs/devkitpro/devkitarm/bin/../lib/gcc/arm-none-eabi/5.3.0/armv6k/fpu/crtbegin.o
 .text          0x001001b4      0x1cc main.o
                0x00100290                actualiza
                0x00100308                bloqueo
 .text          0x00100380       0x64 c:/Nintendo3DS/Programs/devkitPro/libctru/lib\libctru.a(stack_adjust.o)
                0x00100380                initSystem
                0x001003c4                __ctru_exit
 .text          0x001003e4      0x240 c:/nintendo3ds/programs/devkitpro/devkitarm/bin/../lib/gcc/arm-none-eabi/5.3.0/armv6k/fpu\libgcc.a(_divsi3.o)
                0x001003e4                __divsi3
                0x001003e4                __aeabi_idiv
                0x00100604                __aeabi_idivmod
 .text          0x00100624        0x4 c:/nintendo3ds/programs/devkitpro/devkitarm/bin/../lib/gcc/arm-none-eabi/5.3.0/armv6k/fpu\libgcc.a(_dvmd_tls.o)
                0x00100624                __aeabi_idiv0
                0x00100624                __aeabi_ldiv0
 .text          0x00100628       0x3c c:/nintendo3ds/programs/devkitpro/devkitarm/bin/../lib/gcc/arm-none-eabi/5.3.0/armv6k/fpu\libgcc.a(_aeabi_uldivmod.o)
                0x00100628                __aeabi_uldivmod
 .text          0x00100664      0x128 c:/nintendo3ds/programs/devkitpro/devkitarm/bin/../lib/gcc/arm-none-eabi/5.3.0/armv6k/fpu\libgcc.a(_udivmoddi4.o)
                0x00100664                __udivmoddi4
 *fill*         0x0010078c       0x14 
 .text          0x001007a0      0x3a0 c:/nintendo3ds/programs/devkitpro/devkitarm/bin/../lib/gcc/arm-none-eabi/5.3.0/../../../../arm-none-eabi/lib/armv6k/fpu\libg.a(lib_a-strcmp.o)
                0x001007a8                strcmp
 .text          0x00100b40      0x1c4 c:/nintendo3ds/programs/devkitpro/devkitarm/bin/../lib/gcc/arm-none-eabi/5.3.0/../../../../arm-none-eabi/lib/armv6k/fpu\libsysbase.a(iosupport.o)
                0x00100b48                setDefaultDevice
                0x00100b60                FindDevice
                0x00100c1c                RemoveDevice
                0x00100c48                AddDevice
                0x00100ce0                GetDeviceOpTab
 .text          0x00100d04       0x7c c:/nintendo3ds/programs/devkitpro/devkitarm/bin/../lib/gcc/arm-none-eabi/5.3.0/../../../../arm-none-eabi/lib/armv6k/fpu\libsysbase.a(close.o)
                0x00100d04                _close_r
 .text          0x00100d80       0x6c c:/nintendo3ds/programs/devkitpro/devkitarm/bin/../lib/gcc/arm-none-eabi/5.3.0/../../../../arm-none-eabi/lib/armv6k/fpu\libsysbase.a(fstat.o)
                0x00100d80                _fstat_r
 .text          0x00100dec        0x8 c:/nintendo3ds/programs/devkitpro/devkitarm/bin/../lib/gcc/arm-none-eabi/5.3.0/../../../../arm-none-eabi/lib/armv6k/fpu\libsysbase.a(isatty.o)
                0x00100dec                _isatty_r
 .text          0x00100df4       0x78 c:/nintendo3ds/programs/devkitpro/devkitarm/bin/../lib/gcc/arm-none-eabi/5.3.0/../../../../arm-none-eabi/lib/armv6k/fpu\libsysbase.a(lseek.o)
                0x00100df4                _lseek_r
 .text          0x00100e6c       0x78 c:/nintendo3ds/programs/devkitpro/devkitarm/bin/../lib/gcc/arm-none-eabi/5.3.0/../../../../arm-none-eabi/lib/armv6k/fpu\libsysbase.a(read.o)
                0x00100e6c                _read_r
 .text          0x00100ee4       0x70 c:/nintendo3ds/programs/devkitpro/devkitarm/bin/../lib/gcc/arm-none-eabi/5.3.0/../../../../arm-none-eabi/lib/armv6k/fpu\libsysbase.a(sbrk.o)
                0x00100ee4                _sbrk_r
 .text          0x00100f54       0x78 c:/nintendo3ds/programs/devkitpro/devkitarm/bin/../lib/gcc/arm-none-eabi/5.3.0/../../../../arm-none-eabi/lib/armv6k/fpu\libsysbase.a(write.o)
                0x00100f54                _write_r
 .text          0x00100fcc      0x3b0 c:/nintendo3ds/programs/devkitpro/devkitarm/bin/../lib/gcc/arm-none-eabi/5.3.0/../../../../arm-none-eabi/lib/armv6k/fpu\libsysbase.a(chdir.o)
                0x00100fcc                _concatenate_path
                0x00101188                chdir
                0x001012dc                getcwd
 .text          0x0010137c       0x10 c:/nintendo3ds/programs/devkitpro/devkitarm/bin/../lib/gcc/arm-none-eabi/5.3.0/../../../../arm-none-eabi/lib/armv6k/fpu\libsysbase.a(flock.o)
                0x0010137c                __flockfile
                0x00101384                __funlockfile
 .text          0x0010138c      0x108 c:/nintendo3ds/programs/devkitpro/devkitarm/bin/../lib/gcc/arm-none-eabi/5.3.0/../../../../arm-none-eabi/lib/armv6k/fpu\libsysbase.a(syscall_support.o)
                0x0010138c                __libc_lock_init
                0x001013a4                __libc_lock_acquire
                0x001013bc                __libc_lock_try_acquire
                0x001013e0                __libc_lock_release
                0x001013f8                __libc_lock_close
                0x00101410                __libc_lock_init_recursive
                0x00101428                __libc_lock_acquire_recursive
                0x00101440                __libc_lock_try_acquire_recursive
                0x00101464                __libc_lock_release_recursive
                0x0010147c                __libc_lock_close_recursive
 .text          0x00101494      0x2c4 c:/nintendo3ds/programs/devkitpro/devkitarm/bin/../lib/gcc/arm-none-eabi/5.3.0/../../../../arm-none-eabi/lib/armv6k/fpu\libsysbase.a(handle_manager.o)
                0x00101494                __free_handle
                0x001014d8                __release_handle
                0x00101514                __alloc_handle
                0x0010158c                __get_handle
                0x001015a8                dup
                0x0010164c                dup2
 .text          0x00101758       0x28 c:/nintendo3ds/programs/devkitpro/devkitarm/bin/../lib/gcc/arm-none-eabi/5.3.0/../../../../arm-none-eabi/lib/armv6k/fpu\libsysbase.a(getreent.o)
                0x00101758                __getreent
 .text          0x00101780      0x20c c:/nintendo3ds/programs/devkitpro/devkitarm/bin/../lib/gcc/arm-none-eabi/5.3.0/armv6k/fpu\libgcc.a(_udivsi3.o)
                0x00101780                __aeabi_uidiv
                0x00101780                __udivsi3
                0x0010196c                __aeabi_uidivmod
 *(.text.*)
 .text.startup  0x0010198c      0x3e0 main.o
                0x0010198c                main
 .text.debug_write
                0x00101d6c       0x1c c:/Nintendo3DS/Programs/devkitPro/libctru/lib\libctru.a(console.o)
                0x00101d6c                debug_write
 .text.consoleSelect
                0x00101d88       0x18 c:/Nintendo3DS/Programs/devkitPro/libctru/lib\libctru.a(console.o)
                0x00101d88                consoleSelect
 .text.consoleDrawChar
                0x00101da0      0x1ac c:/Nintendo3DS/Programs/devkitPro/libctru/lib\libctru.a(console.o)
                0x00101da0                consoleDrawChar
 .text.consolePrintChar
                0x00101f4c      0x128 c:/Nintendo3DS/Programs/devkitPro/libctru/lib\libctru.a(console.o)
                0x00101f4c                consolePrintChar
 .text.consoleCls
                0x00102074      0x184 c:/Nintendo3DS/Programs/devkitPro/libctru/lib\libctru.a(console.o)
 .text.consoleInit
                0x001021f8       0xf8 c:/Nintendo3DS/Programs/devkitPro/libctru/lib\libctru.a(console.o)
                0x001021f8                consoleInit
 .text.consoleClearLine
                0x001022f0      0x138 c:/Nintendo3DS/Programs/devkitPro/libctru/lib\libctru.a(console.o)
 .text.newRow   0x00102428       0xc0 c:/Nintendo3DS/Programs/devkitPro/libctru/lib\libctru.a(console.o)
 .text.con_write
                0x001024e8      0x86c c:/Nintendo3DS/Programs/devkitPro/libctru/lib\libctru.a(console.o)
                0x001024e8                con_write
 .text.gfxSetFramebufferInfo.part.0
                0x00102d54       0x8c c:/Nintendo3DS/Programs/devkitPro/libctru/lib\libctru.a(gfx.o)
 .text.gfxSetScreenFormat
                0x00102de0       0x18 c:/Nintendo3DS/Programs/devkitPro/libctru/lib\libctru.a(gfx.o)
                0x00102de0                gfxSetScreenFormat
 .text.gfxSetDoubleBuffering
                0x00102df8       0x14 c:/Nintendo3DS/Programs/devkitPro/libctru/lib\libctru.a(gfx.o)
                0x00102df8                gfxSetDoubleBuffering
 .text.__get_bytes_per_pixel
                0x00102e0c       0x18 c:/Nintendo3DS/Programs/devkitPro/libctru/lib\libctru.a(gfx.o)
                0x00102e0c                __get_bytes_per_pixel
 .text.gfxSetFramebufferInfo
                0x00102e24       0x70 c:/Nintendo3DS/Programs/devkitPro/libctru/lib\libctru.a(gfx.o)
                0x00102e24                gfxSetFramebufferInfo
 .text.gfxWriteFramebufferInfo
                0x00102e94       0x88 c:/Nintendo3DS/Programs/devkitPro/libctru/lib\libctru.a(gfx.o)
                0x00102e94                gfxWriteFramebufferInfo
 .text.gfxInit  0x00102f1c      0x1d0 c:/Nintendo3DS/Programs/devkitPro/libctru/lib\libctru.a(gfx.o)
                0x00102f1c                gfxInit
 .text.gfxInitDefault
                0x001030ec       0x10 c:/Nintendo3DS/Programs/devkitPro/libctru/lib\libctru.a(gfx.o)
                0x001030ec                gfxInitDefault
 .text.gfxExit  0x001030fc       0xe0 c:/Nintendo3DS/Programs/devkitPro/libctru/lib\libctru.a(gfx.o)
                0x001030fc                gfxExit
 .text.gfxGetFramebuffer
                0x001031dc       0xb0 c:/Nintendo3DS/Programs/devkitPro/libctru/lib\libctru.a(gfx.o)
                0x001031dc                gfxGetFramebuffer
 .text.gfxFlushBuffers
                0x0010328c       0xcc c:/Nintendo3DS/Programs/devkitPro/libctru/lib\libctru.a(gfx.o)
                0x0010328c                gfxFlushBuffers
 .text.gfxConfigScreen
                0x00103358       0x70 c:/Nintendo3DS/Programs/devkitPro/libctru/lib\libctru.a(gfx.o)
                0x00103358                gfxConfigScreen
 .text.gfxSwapBuffers
                0x001033c8       0x20 c:/Nintendo3DS/Programs/devkitPro/libctru/lib\libctru.a(gfx.o)
                0x001033c8                gfxSwapBuffers
 .text.gfxSwapBuffersGpu
                0x001033e8       0x20 c:/Nintendo3DS/Programs/devkitPro/libctru/lib\libctru.a(gfx.o)
                0x001033e8                gfxSwapBuffersGpu
 .text.sdmc_link
                0x00103408       0x10 c:/Nintendo3DS/Programs/devkitPro/libctru/lib\libctru.a(sdmc_dev.o)
 .text.sdmc_dirreset
                0x00103418       0x10 c:/Nintendo3DS/Programs/devkitPro/libctru/lib\libctru.a(sdmc_dev.o)
 .text.sdmc_chmod
                0x00103428       0x10 c:/Nintendo3DS/Programs/devkitPro/libctru/lib\libctru.a(sdmc_dev.o)
 .text.sdmc_fchmod
                0x00103438       0x10 c:/Nintendo3DS/Programs/devkitPro/libctru/lib\libctru.a(sdmc_dev.o)
 .text.error_cmp
                0x00103448       0x24 c:/Nintendo3DS/Programs/devkitPro/libctru/lib\libctru.a(sdmc_dev.o)
 .text.sdmc_translate_error
                0x0010346c       0x50 c:/Nintendo3DS/Programs/devkitPro/libctru/lib\libctru.a(sdmc_dev.o)
 .text.sdmc_fsync
                0x001034bc       0x34 c:/Nintendo3DS/Programs/devkitPro/libctru/lib\libctru.a(sdmc_dev.o)
 .text.sdmc_ftruncate
                0x001034f0       0x54 c:/Nintendo3DS/Programs/devkitPro/libctru/lib\libctru.a(sdmc_dev.o)
 .text.sdmc_statvfs
                0x00103544       0xac c:/Nintendo3DS/Programs/devkitPro/libctru/lib\libctru.a(sdmc_dev.o)
 .text.sdmc_dirclose
                0x001035f0       0x38 c:/Nintendo3DS/Programs/devkitPro/libctru/lib\libctru.a(sdmc_dev.o)
 .text.sdmc_dirnext
                0x00103628      0x13c c:/Nintendo3DS/Programs/devkitPro/libctru/lib\libctru.a(sdmc_dev.o)
 .text.sdmc_close
                0x00103764       0x34 c:/Nintendo3DS/Programs/devkitPro/libctru/lib\libctru.a(sdmc_dev.o)
 .text.sdmc_fstat
                0x00103798       0x74 c:/Nintendo3DS/Programs/devkitPro/libctru/lib\libctru.a(sdmc_dev.o)
 .text.sdmc_seek
                0x0010380c       0xc0 c:/Nintendo3DS/Programs/devkitPro/libctru/lib\libctru.a(sdmc_dev.o)
 .text.sdmc_read
                0x001038cc       0x8c c:/Nintendo3DS/Programs/devkitPro/libctru/lib\libctru.a(sdmc_dev.o)
 .text.sdmc_write_safe
                0x00103958      0x110 c:/Nintendo3DS/Programs/devkitPro/libctru/lib\libctru.a(sdmc_dev.o)
 .text.sdmc_utf16path
                0x00103a68      0x1b4 c:/Nintendo3DS/Programs/devkitPro/libctru/lib\libctru.a(sdmc_dev.o)
 .text.sdmc_rmdir
                0x00103c1c       0x74 c:/Nintendo3DS/Programs/devkitPro/libctru/lib\libctru.a(sdmc_dev.o)
 .text.sdmc_diropen
                0x00103c90       0xa8 c:/Nintendo3DS/Programs/devkitPro/libctru/lib\libctru.a(sdmc_dev.o)
 .text.sdmc_chdir
                0x00103d38       0xa0 c:/Nintendo3DS/Programs/devkitPro/libctru/lib\libctru.a(sdmc_dev.o)
 .text.sdmc_mkdir
                0x00103dd8       0x98 c:/Nintendo3DS/Programs/devkitPro/libctru/lib\libctru.a(sdmc_dev.o)
 .text.sdmc_rename
                0x00103e70      0x108 c:/Nintendo3DS/Programs/devkitPro/libctru/lib\libctru.a(sdmc_dev.o)
 .text.sdmc_unlink
                0x00103f78       0x74 c:/Nintendo3DS/Programs/devkitPro/libctru/lib\libctru.a(sdmc_dev.o)
 .text.sdmc_stat
                0x00103fec      0x108 c:/Nintendo3DS/Programs/devkitPro/libctru/lib\libctru.a(sdmc_dev.o)
 .text.sdmc_open
                0x001040f4      0x188 c:/Nintendo3DS/Programs/devkitPro/libctru/lib\libctru.a(sdmc_dev.o)
 .text.sdmcInit
                0x0010427c      0x15c c:/Nintendo3DS/Programs/devkitPro/libctru/lib\libctru.a(sdmc_dev.o)
                0x0010427c                sdmcInit
 .text.sdmcExit
                0x001043d8       0x54 c:/Nintendo3DS/Programs/devkitPro/libctru/lib\libctru.a(sdmc_dev.o)
                0x001043d8                sdmcExit
 .text.acInit   0x0010442c       0x88 c:/Nintendo3DS/Programs/devkitPro/libctru/lib\libctru.a(ac.o)
                0x0010442c                acInit
 .text.ACU_GetWifiStatus
                0x001044b4       0x38 c:/Nintendo3DS/Programs/devkitPro/libctru/lib\libctru.a(ac.o)
                0x001044b4                ACU_GetWifiStatus
 .text._aptDebug
                0x001044ec        0x4 c:/Nintendo3DS/Programs/devkitPro/libctru/lib\libctru.a(apt.o)
                0x001044ec                _aptDebug
 .text.aptSendCommand
                0x001044f0      0x12c c:/Nintendo3DS/Programs/devkitPro/libctru/lib\libctru.a(apt.o)
                0x001044f0                aptSendCommand
 .text.aptExitProcess
                0x0010461c       0x3c c:/Nintendo3DS/Programs/devkitPro/libctru/lib\libctru.a(apt.o)
 .text.APT_InquireNotification
                0x00104658       0x4c c:/Nintendo3DS/Programs/devkitPro/libctru/lib\libctru.a(apt.o)
                0x00104658                APT_InquireNotification
 .text.aptEventHandler
                0x001046a4      0x198 c:/Nintendo3DS/Programs/devkitPro/libctru/lib\libctru.a(apt.o)
 .text.APT_AppletUtility
                0x0010483c       0x74 c:/Nintendo3DS/Programs/devkitPro/libctru/lib\libctru.a(apt.o)
                0x0010483c                APT_AppletUtility
 .text.aptSetSleepAllowed
                0x001048b0       0xb0 c:/Nintendo3DS/Programs/devkitPro/libctru/lib\libctru.a(apt.o)
                0x001048b0                aptSetSleepAllowed
 .text.APT_GlanceParameter
                0x00104960       0xb4 c:/Nintendo3DS/Programs/devkitPro/libctru/lib\libctru.a(apt.o)
                0x00104960                APT_GlanceParameter
 .text.APT_ReceiveParameter
                0x00104a14       0xc0 c:/Nintendo3DS/Programs/devkitPro/libctru/lib\libctru.a(apt.o)
                0x00104a14                APT_ReceiveParameter
 .text.aptReceiveParameter.constprop.1
                0x00104ad4       0xa8 c:/Nintendo3DS/Programs/devkitPro/libctru/lib\libctru.a(apt.o)
 *fill*         0x00104b7c        0x4 
 .text.aptScreenTransfer
                0x00104b80      0x1e0 c:/Nintendo3DS/Programs/devkitPro/libctru/lib\libctru.a(apt.o)
 .text.aptWaitForWakeUp
                0x00104d60      0x224 c:/Nintendo3DS/Programs/devkitPro/libctru/lib\libctru.a(apt.o)
 .text.APT_CancelParameter
                0x00104f84       0x70 c:/Nintendo3DS/Programs/devkitPro/libctru/lib\libctru.a(apt.o)
                0x00104f84                APT_CancelParameter
 .text.aptInit  0x00104ff4      0x21c c:/Nintendo3DS/Programs/devkitPro/libctru/lib\libctru.a(apt.o)
                0x00104ff4                aptInit
 .text.aptClearParamQueue
                0x00105210       0x88 c:/Nintendo3DS/Programs/devkitPro/libctru/lib\libctru.a(apt.o)
 .text.aptMainLoop
                0x00105298      0x208 c:/Nintendo3DS/Programs/devkitPro/libctru/lib\libctru.a(apt.o)
                0x00105298                aptMainLoop
 .text.aptExit  0x001054a0      0x148 c:/Nintendo3DS/Programs/devkitPro/libctru/lib\libctru.a(apt.o)
                0x001054a0                aptExit
 .text.APT_CheckNew3DS
                0x001055e8       0x70 c:/Nintendo3DS/Programs/devkitPro/libctru/lib\libctru.a(apt.o)
                0x001055e8                APT_CheckNew3DS
 .text.fsSessionForArchive.part.0
                0x00105658       0x28 c:/Nintendo3DS/Programs/devkitPro/libctru/lib\libctru.a(fs.o)
 .text.fsInit   0x00105680       0xcc c:/Nintendo3DS/Programs/devkitPro/libctru/lib\libctru.a(fs.o)
                0x00105680                fsInit
 .text.fsExit   0x0010574c       0x38 c:/Nintendo3DS/Programs/devkitPro/libctru/lib\libctru.a(fs.o)
                0x0010574c                fsExit
 .text.fsExemptFromSession
                0x00105784       0x74 c:/Nintendo3DS/Programs/devkitPro/libctru/lib\libctru.a(fs.o)
                0x00105784                fsExemptFromSession
 .text.fsUnexemptFromSession
                0x001057f8       0x54 c:/Nintendo3DS/Programs/devkitPro/libctru/lib\libctru.a(fs.o)
                0x001057f8                fsUnexemptFromSession
 .text.FSUSER_OpenFile
                0x0010584c       0xbc c:/Nintendo3DS/Programs/devkitPro/libctru/lib\libctru.a(fs.o)
                0x0010584c                FSUSER_OpenFile
 .text.FSUSER_DeleteFile
                0x00105908       0xa4 c:/Nintendo3DS/Programs/devkitPro/libctru/lib\libctru.a(fs.o)
                0x00105908                FSUSER_DeleteFile
 .text.FSUSER_RenameFile
                0x001059ac       0xe0 c:/Nintendo3DS/Programs/devkitPro/libctru/lib\libctru.a(fs.o)
                0x001059ac                FSUSER_RenameFile
 .text.FSUSER_DeleteDirectory
                0x00105a8c       0xa4 c:/Nintendo3DS/Programs/devkitPro/libctru/lib\libctru.a(fs.o)
                0x00105a8c                FSUSER_DeleteDirectory
 .text.FSUSER_CreateFile
                0x00105b30       0xbc c:/Nintendo3DS/Programs/devkitPro/libctru/lib\libctru.a(fs.o)
                0x00105b30                FSUSER_CreateFile
 .text.FSUSER_CreateDirectory
                0x00105bec       0xac c:/Nintendo3DS/Programs/devkitPro/libctru/lib\libctru.a(fs.o)
                0x00105bec                FSUSER_CreateDirectory
 .text.FSUSER_RenameDirectory
                0x00105c98       0xe0 c:/Nintendo3DS/Programs/devkitPro/libctru/lib\libctru.a(fs.o)
                0x00105c98                FSUSER_RenameDirectory
 .text.FSUSER_OpenDirectory
                0x00105d78       0xa4 c:/Nintendo3DS/Programs/devkitPro/libctru/lib\libctru.a(fs.o)
                0x00105d78                FSUSER_OpenDirectory
 .text.FSUSER_OpenArchive
                0x00105e1c       0x9c c:/Nintendo3DS/Programs/devkitPro/libctru/lib\libctru.a(fs.o)
                0x00105e1c                FSUSER_OpenArchive
 .text.FSUSER_CloseArchive
                0x00105eb8       0x74 c:/Nintendo3DS/Programs/devkitPro/libctru/lib\libctru.a(fs.o)
                0x00105eb8                FSUSER_CloseArchive
 .text.FSUSER_GetSdmcArchiveResource
                0x00105f2c       0x78 c:/Nintendo3DS/Programs/devkitPro/libctru/lib\libctru.a(fs.o)
                0x00105f2c                FSUSER_GetSdmcArchiveResource
 .text.FSUSER_IsSdmcWritable
                0x00105fa4       0x64 c:/Nintendo3DS/Programs/devkitPro/libctru/lib\libctru.a(fs.o)
                0x00105fa4                FSUSER_IsSdmcWritable
 .text.FSFILE_Read
                0x00106008       0x5c c:/Nintendo3DS/Programs/devkitPro/libctru/lib\libctru.a(fs.o)
                0x00106008                FSFILE_Read
 .text.FSFILE_Write
                0x00106064       0x64 c:/Nintendo3DS/Programs/devkitPro/libctru/lib\libctru.a(fs.o)
                0x00106064                FSFILE_Write
 .text.FSFILE_GetSize
                0x001060c8       0x3c c:/Nintendo3DS/Programs/devkitPro/libctru/lib\libctru.a(fs.o)
                0x001060c8                FSFILE_GetSize
 .text.FSFILE_SetSize
                0x00106104       0x2c c:/Nintendo3DS/Programs/devkitPro/libctru/lib\libctru.a(fs.o)
                0x00106104                FSFILE_SetSize
 .text.FSFILE_Close
                0x00106130       0x3c c:/Nintendo3DS/Programs/devkitPro/libctru/lib\libctru.a(fs.o)
                0x00106130                FSFILE_Close
 .text.FSFILE_Flush
                0x0010616c       0x24 c:/Nintendo3DS/Programs/devkitPro/libctru/lib\libctru.a(fs.o)
                0x0010616c                FSFILE_Flush
 .text.FSDIR_Read
                0x00106190       0x54 c:/Nintendo3DS/Programs/devkitPro/libctru/lib\libctru.a(fs.o)
                0x00106190                FSDIR_Read
 .text.FSDIR_Close
                0x001061e4       0x3c c:/Nintendo3DS/Programs/devkitPro/libctru/lib\libctru.a(fs.o)
                0x001061e4                FSDIR_Close
 .text.gspEventThreadMain
                0x00106220      0x154 c:/Nintendo3DS/Programs/devkitPro/libctru/lib\libctru.a(gspgpu.o)
 .text.gspInit  0x00106374       0x74 c:/Nintendo3DS/Programs/devkitPro/libctru/lib\libctru.a(gspgpu.o)
                0x00106374                gspInit
 .text.gspExit  0x001063e8       0x3c c:/Nintendo3DS/Programs/devkitPro/libctru/lib\libctru.a(gspgpu.o)
                0x001063e8                gspExit
 .text.gspInitEventHandler
                0x00106424       0x84 c:/Nintendo3DS/Programs/devkitPro/libctru/lib\libctru.a(gspgpu.o)
                0x00106424                gspInitEventHandler
 .text.gspExitEventHandler
                0x001064a8       0x30 c:/Nintendo3DS/Programs/devkitPro/libctru/lib\libctru.a(gspgpu.o)
                0x001064a8                gspExitEventHandler
 .text.gspWaitForEvent
                0x001064d8       0x44 c:/Nintendo3DS/Programs/devkitPro/libctru/lib\libctru.a(gspgpu.o)
                0x001064d8                gspWaitForEvent
 .text.GSPGPU_SetBufferSwap
                0x0010651c       0x6c c:/Nintendo3DS/Programs/devkitPro/libctru/lib\libctru.a(gspgpu.o)
                0x0010651c                GSPGPU_SetBufferSwap
 .text.GSPGPU_FlushDataCache
                0x00106588       0x4c c:/Nintendo3DS/Programs/devkitPro/libctru/lib\libctru.a(gspgpu.o)
                0x00106588                GSPGPU_FlushDataCache
 .text.GSPGPU_SetLcdForceBlack
                0x001065d4       0x34 c:/Nintendo3DS/Programs/devkitPro/libctru/lib\libctru.a(gspgpu.o)
                0x001065d4                GSPGPU_SetLcdForceBlack
 .text.GSPGPU_RegisterInterruptRelayQueue
                0x00106608       0x64 c:/Nintendo3DS/Programs/devkitPro/libctru/lib\libctru.a(gspgpu.o)
                0x00106608                GSPGPU_RegisterInterruptRelayQueue
 .text.GSPGPU_UnregisterInterruptRelayQueue
                0x0010666c       0x2c c:/Nintendo3DS/Programs/devkitPro/libctru/lib\libctru.a(gspgpu.o)
                0x0010666c                GSPGPU_UnregisterInterruptRelayQueue
 .text.GSPGPU_AcquireRight
                0x00106698       0x48 c:/Nintendo3DS/Programs/devkitPro/libctru/lib\libctru.a(gspgpu.o)
                0x00106698                GSPGPU_AcquireRight
 .text.GSPGPU_ReleaseRight
                0x001066e0       0x2c c:/Nintendo3DS/Programs/devkitPro/libctru/lib\libctru.a(gspgpu.o)
                0x001066e0                GSPGPU_ReleaseRight
 .text.GSPGPU_ImportDisplayCaptureInfo
                0x0010670c       0x80 c:/Nintendo3DS/Programs/devkitPro/libctru/lib\libctru.a(gspgpu.o)
                0x0010670c                GSPGPU_ImportDisplayCaptureInfo
 .text.GSPGPU_SaveVramSysArea
                0x0010678c       0x2c c:/Nintendo3DS/Programs/devkitPro/libctru/lib\libctru.a(gspgpu.o)
                0x0010678c                GSPGPU_SaveVramSysArea
 .text.GSPGPU_RestoreVramSysArea
                0x001067b8       0x2c c:/Nintendo3DS/Programs/devkitPro/libctru/lib\libctru.a(gspgpu.o)
                0x001067b8                GSPGPU_RestoreVramSysArea
 .text.hidExit  0x001067e4       0xd8 c:/Nintendo3DS/Programs/devkitPro/libctru/lib\libctru.a(hid.o)
                0x001067e4                hidExit
 .text.hidScanInput
                0x001068bc      0x238 c:/Nintendo3DS/Programs/devkitPro/libctru/lib\libctru.a(hid.o)
                0x001068bc                hidScanInput
 .text.hidKeysDown
                0x00106af4       0x10 c:/Nintendo3DS/Programs/devkitPro/libctru/lib\libctru.a(hid.o)
                0x00106af4                hidKeysDown
 .text.HIDUSER_GetHandles
                0x00106b04       0x90 c:/Nintendo3DS/Programs/devkitPro/libctru/lib\libctru.a(hid.o)
                0x00106b04                HIDUSER_GetHandles
 .text.hidInit  0x00106b94      0x184 c:/Nintendo3DS/Programs/devkitPro/libctru/lib\libctru.a(hid.o)
                0x00106b94                hidInit
 .text.irrstScanInput
                0x00106d18       0xb0 c:/Nintendo3DS/Programs/devkitPro/libctru/lib\libctru.a(irrst.o)
                0x00106d18                irrstScanInput
 .text.irrstKeysHeld
                0x00106dc8       0x1c c:/Nintendo3DS/Programs/devkitPro/libctru/lib\libctru.a(irrst.o)
                0x00106dc8                irrstKeysHeld
 .text.IRRST_GetHandles
                0x00106de4       0x50 c:/Nintendo3DS/Programs/devkitPro/libctru/lib\libctru.a(irrst.o)
                0x00106de4                IRRST_GetHandles
 .text.irrstInit
                0x00106e34      0x148 c:/Nintendo3DS/Programs/devkitPro/libctru/lib\libctru.a(irrst.o)
                0x00106e34                irrstInit
 .text.IRRST_Shutdown
                0x00106f7c       0x2c c:/Nintendo3DS/Programs/devkitPro/libctru/lib\libctru.a(irrst.o)
                0x00106f7c                IRRST_Shutdown
 .text.irrstExit
                0x00106fa8       0xb0 c:/Nintendo3DS/Programs/devkitPro/libctru/lib\libctru.a(irrst.o)
                0x00106fa8                irrstExit
 .text.decode_utf8
                0x00107058      0x138 c:/Nintendo3DS/Programs/devkitPro/libctru/lib\libctru.a(decode_utf8.o)
                0x00107058                decode_utf8
 .text.utf16_to_utf8
                0x00107190       0xe4 c:/Nintendo3DS/Programs/devkitPro/libctru/lib\libctru.a(utf16_to_utf8.o)
                0x00107190                utf16_to_utf8
 .text.utf8_to_utf16
                0x00107274       0xbc c:/Nintendo3DS/Programs/devkitPro/libctru/lib\libctru.a(utf8_to_utf16.o)
                0x00107274                utf8_to_utf16
 .text.__system_initArgv
                0x00107330       0xf4 c:/Nintendo3DS/Programs/devkitPro/libctru/lib\libctru.a(initArgv.o)
                0x00107330                __system_initArgv
 .text.__libctru_init
                0x00107424       0x38 c:/Nintendo3DS/Programs/devkitPro/libctru/lib\libctru.a(initSystem.o)
                0x00107424                __libctru_init
 .text.__ctru_get_reent
                0x0010745c       0x30 c:/Nintendo3DS/Programs/devkitPro/libctru/lib\libctru.a(syscalls.o)
 .text.__system_initSyscalls
                0x0010748c       0xe8 c:/Nintendo3DS/Programs/devkitPro/libctru/lib\libctru.a(syscalls.o)
                0x0010748c                __system_initSyscalls
 .text.svcControlMemory
                0x00107574       0x20 c:/Nintendo3DS/Programs/devkitPro/libctru/lib\libctru.a(svc.o)
                0x00107574                svcControlMemory
 .text.svcExitProcess
                0x00107594        0x8 c:/Nintendo3DS/Programs/devkitPro/libctru/lib\libctru.a(svc.o)
                0x00107594                svcExitProcess
 .text.svcCreateThread
                0x0010759c       0x20 c:/Nintendo3DS/Programs/devkitPro/libctru/lib\libctru.a(svc.o)
                0x0010759c                svcCreateThread
 .text.svcExitThread
                0x001075bc        0x8 c:/Nintendo3DS/Programs/devkitPro/libctru/lib\libctru.a(svc.o)
                0x001075bc                svcExitThread
 .text.svcSleepThread
                0x001075c4        0x8 c:/Nintendo3DS/Programs/devkitPro/libctru/lib\libctru.a(svc.o)
                0x001075c4                svcSleepThread
 .text.svcReleaseMutex
                0x001075cc        0x8 c:/Nintendo3DS/Programs/devkitPro/libctru/lib\libctru.a(svc.o)
                0x001075cc                svcReleaseMutex
 .text.svcCreateEvent
                0x001075d4       0x14 c:/Nintendo3DS/Programs/devkitPro/libctru/lib\libctru.a(svc.o)
                0x001075d4                svcCreateEvent
 .text.svcSignalEvent
                0x001075e8        0x8 c:/Nintendo3DS/Programs/devkitPro/libctru/lib\libctru.a(svc.o)
                0x001075e8                svcSignalEvent
 .text.svcClearEvent
                0x001075f0        0x8 c:/Nintendo3DS/Programs/devkitPro/libctru/lib\libctru.a(svc.o)
                0x001075f0                svcClearEvent
 .text.svcMapMemoryBlock
                0x001075f8        0x8 c:/Nintendo3DS/Programs/devkitPro/libctru/lib\libctru.a(svc.o)
                0x001075f8                svcMapMemoryBlock
 .text.svcUnmapMemoryBlock
                0x00107600        0x8 c:/Nintendo3DS/Programs/devkitPro/libctru/lib\libctru.a(svc.o)
                0x00107600                svcUnmapMemoryBlock
 .text.svcCreateAddressArbiter
                0x00107608       0x14 c:/Nintendo3DS/Programs/devkitPro/libctru/lib\libctru.a(svc.o)
                0x00107608                svcCreateAddressArbiter
 .text.svcArbitrateAddress
                0x0010761c       0x18 c:/Nintendo3DS/Programs/devkitPro/libctru/lib\libctru.a(svc.o)
                0x0010761c                svcArbitrateAddress
 .text.svcCloseHandle
                0x00107634        0x8 c:/Nintendo3DS/Programs/devkitPro/libctru/lib\libctru.a(svc.o)
                0x00107634                svcCloseHandle
 .text.svcWaitSynchronization
                0x0010763c        0x8 c:/Nintendo3DS/Programs/devkitPro/libctru/lib\libctru.a(svc.o)
                0x0010763c                svcWaitSynchronization
 .text.svcWaitSynchronizationN
                0x00107644       0x28 c:/Nintendo3DS/Programs/devkitPro/libctru/lib\libctru.a(svc.o)
                0x00107644                svcWaitSynchronizationN
 .text.svcDuplicateHandle
                0x0010766c       0x14 c:/Nintendo3DS/Programs/devkitPro/libctru/lib\libctru.a(svc.o)
                0x0010766c                svcDuplicateHandle
 .text.svcGetSystemTick
                0x00107680        0x8 c:/Nintendo3DS/Programs/devkitPro/libctru/lib\libctru.a(svc.o)
                0x00107680                svcGetSystemTick
 .text.svcGetSystemInfo
                0x00107688       0x18 c:/Nintendo3DS/Programs/devkitPro/libctru/lib\libctru.a(svc.o)
                0x00107688                svcGetSystemInfo
 .text.svcConnectToPort
                0x001076a0       0x14 c:/Nintendo3DS/Programs/devkitPro/libctru/lib\libctru.a(svc.o)
                0x001076a0                svcConnectToPort
 .text.svcSendSyncRequest
                0x001076b4        0x8 c:/Nintendo3DS/Programs/devkitPro/libctru/lib\libctru.a(svc.o)
                0x001076b4                svcSendSyncRequest
 .text.svcBreak
                0x001076bc        0x8 c:/Nintendo3DS/Programs/devkitPro/libctru/lib\libctru.a(svc.o)
                0x001076bc                svcBreak
 .text.svcOutputDebugString
                0x001076c4        0x8 c:/Nintendo3DS/Programs/devkitPro/libctru/lib\libctru.a(svc.o)
                0x001076c4                svcOutputDebugString
 .text.__aeabi_read_tp
                0x001076cc        0xc c:/Nintendo3DS/Programs/devkitPro/libctru/lib\libctru.a(readtp.o)
                0x001076cc                __aeabi_read_tp
 .text._ZL21addrMapNodeComparatorPK11rbtree_nodeS1_
                0x001076d8       0x24 c:/Nintendo3DS/Programs/devkitPro/libctru/lib\libctru.a(linear.o)
 .text._ZL21addrMapNodeDestructorP11rbtree_node
                0x001076fc        0x4 c:/Nintendo3DS/Programs/devkitPro/libctru/lib\libctru.a(linear.o)
 .text.linearMemAlign
                0x00107700      0x140 c:/Nintendo3DS/Programs/devkitPro/libctru/lib\libctru.a(linear.o)
                0x00107700                linearMemAlign
 .text.linearAlloc
                0x00107840        0x8 c:/Nintendo3DS/Programs/devkitPro/libctru/lib\libctru.a(linear.o)
                0x00107840                linearAlloc
 .text.linearFree
                0x00107848       0x50 c:/Nintendo3DS/Programs/devkitPro/libctru/lib\libctru.a(linear.o)
                0x00107848                linearFree
 .text._ZL21addrMapNodeComparatorPK11rbtree_nodeS1_
                0x00107898       0x24 c:/Nintendo3DS/Programs/devkitPro/libctru/lib\libctru.a(mappable.o)
 .text._ZL21addrMapNodeDestructorP11rbtree_node
                0x001078bc        0x4 c:/Nintendo3DS/Programs/devkitPro/libctru/lib\libctru.a(mappable.o)
 .text.mappableAlloc
                0x001078c0       0xf4 c:/Nintendo3DS/Programs/devkitPro/libctru/lib\libctru.a(mappable.o)
                0x001078c0                mappableAlloc
 .text.mappableFree
                0x001079b4       0x50 c:/Nintendo3DS/Programs/devkitPro/libctru/lib\libctru.a(mappable.o)
                0x001079b4                mappableFree
 .text._ZN7MemPool13CoalesceRightEP8MemBlock
                0x00107a04       0xa0 c:/Nintendo3DS/Programs/devkitPro/libctru/lib\libctru.a(mem_pool.o)
                0x00107a04                MemPool::CoalesceRight(MemBlock*)
 .text._ZN7MemPool8AllocateER8MemChunkmi
                0x00107aa4      0x18c c:/Nintendo3DS/Programs/devkitPro/libctru/lib\libctru.a(mem_pool.o)
                0x00107aa4                MemPool::Allocate(MemChunk&, unsigned long, int)
 .text._ZN7MemPool10DeallocateERK8MemChunk
                0x00107c30      0x104 c:/Nintendo3DS/Programs/devkitPro/libctru/lib\libctru.a(mem_pool.o)
                0x00107c30                MemPool::Deallocate(MemChunk const&)
 .text._ZL21addrMapNodeComparatorPK11rbtree_nodeS1_
                0x00107d34       0x24 c:/Nintendo3DS/Programs/devkitPro/libctru/lib\libctru.a(vram.o)
 .text._ZL21addrMapNodeDestructorP11rbtree_node
                0x00107d58        0x4 c:/Nintendo3DS/Programs/devkitPro/libctru/lib\libctru.a(vram.o)
 .text.vramMemAlign
                0x00107d5c      0x130 c:/Nintendo3DS/Programs/devkitPro/libctru/lib\libctru.a(vram.o)
                0x00107d5c                vramMemAlign
 .text.vramAlloc
                0x00107e8c        0x8 c:/Nintendo3DS/Programs/devkitPro/libctru/lib\libctru.a(vram.o)
                0x00107e8c                vramAlloc
 .text.vramFree
                0x00107e94       0x50 c:/Nintendo3DS/Programs/devkitPro/libctru/lib\libctru.a(vram.o)
                0x00107e94                vramFree
 .text.envGetHandle
                0x00107ee4       0x94 c:/Nintendo3DS/Programs/devkitPro/libctru/lib\libctru.a(env.o)
                0x00107ee4                envGetHandle
 .text.envDestroyHandles
                0x00107f78       0x4c c:/Nintendo3DS/Programs/devkitPro/libctru/lib\libctru.a(env.o)
                0x00107f78                envDestroyHandles
 .text.getSysTime
                0x00107fc4       0x58 c:/Nintendo3DS/Programs/devkitPro/libctru/lib\libctru.a(os.o)
 .text.osGetMemRegionUsed
                0x0010801c       0x24 c:/Nintendo3DS/Programs/devkitPro/libctru/lib\libctru.a(os.o)
                0x0010801c                osGetMemRegionUsed
 .text.__libctru_gtod
                0x00108040       0xf8 c:/Nintendo3DS/Programs/devkitPro/libctru/lib\libctru.a(os.o)
                0x00108040                __libctru_gtod
 .text.__ctru_speedup_config
                0x00108138       0x34 c:/Nintendo3DS/Programs/devkitPro/libctru/lib\libctru.a(os.o)
                0x00108138                __ctru_speedup_config
 .text.srvExit  0x0010816c       0x50 c:/Nintendo3DS/Programs/devkitPro/libctru/lib\libctru.a(srv.o)
                0x0010816c                srvExit
 .text.srvRegisterClient
                0x001081bc       0x38 c:/Nintendo3DS/Programs/devkitPro/libctru/lib\libctru.a(srv.o)
                0x001081bc                srvRegisterClient
 .text.srvInit  0x001081f4       0x70 c:/Nintendo3DS/Programs/devkitPro/libctru/lib\libctru.a(srv.o)
                0x001081f4                srvInit
 .text.srvGetServiceHandleDirect
                0x00108264       0x68 c:/Nintendo3DS/Programs/devkitPro/libctru/lib\libctru.a(srv.o)
                0x00108264                srvGetServiceHandleDirect
 .text.srvGetServiceHandle
                0x001082cc       0x38 c:/Nintendo3DS/Programs/devkitPro/libctru/lib\libctru.a(srv.o)
                0x001082cc                srvGetServiceHandle
 .text.LightLock_Unlock.part.1
                0x00108304       0x34 c:/Nintendo3DS/Programs/devkitPro/libctru/lib\libctru.a(synchronization.o)
 .text.__sync_init
                0x00108338        0xc c:/Nintendo3DS/Programs/devkitPro/libctru/lib\libctru.a(synchronization.o)
                0x00108338                __sync_init
 .text.__sync_fini
                0x00108344       0x18 c:/Nintendo3DS/Programs/devkitPro/libctru/lib\libctru.a(synchronization.o)
                0x00108344                __sync_fini
 .text.__sync_get_arbiter
                0x0010835c       0x10 c:/Nintendo3DS/Programs/devkitPro/libctru/lib\libctru.a(synchronization.o)
                0x0010835c                __sync_get_arbiter
 .text.LightLock_Init
                0x0010836c       0x18 c:/Nintendo3DS/Programs/devkitPro/libctru/lib\libctru.a(synchronization.o)
                0x0010836c                LightLock_Init
 .text.LightLock_Lock
                0x00108384       0x94 c:/Nintendo3DS/Programs/devkitPro/libctru/lib\libctru.a(synchronization.o)
                0x00108384                LightLock_Lock
 .text.LightLock_TryLock
                0x00108418       0x34 c:/Nintendo3DS/Programs/devkitPro/libctru/lib\libctru.a(synchronization.o)
                0x00108418                LightLock_TryLock
 .text.LightLock_Unlock
                0x0010844c       0x20 c:/Nintendo3DS/Programs/devkitPro/libctru/lib\libctru.a(synchronization.o)
                0x0010844c                LightLock_Unlock
 .text.RecursiveLock_Init
                0x0010846c       0x24 c:/Nintendo3DS/Programs/devkitPro/libctru/lib\libctru.a(synchronization.o)
                0x0010846c                RecursiveLock_Init
 .text.RecursiveLock_Lock
                0x00108490       0x30 c:/Nintendo3DS/Programs/devkitPro/libctru/lib\libctru.a(synchronization.o)
                0x00108490                RecursiveLock_Lock
 .text.RecursiveLock_TryLock
                0x001084c0       0x58 c:/Nintendo3DS/Programs/devkitPro/libctru/lib\libctru.a(synchronization.o)
                0x001084c0                RecursiveLock_TryLock
 .text.RecursiveLock_Unlock
                0x00108518       0x38 c:/Nintendo3DS/Programs/devkitPro/libctru/lib\libctru.a(synchronization.o)
                0x00108518                RecursiveLock_Unlock
 .text.LightEvent_Init
                0x00108550       0x38 c:/Nintendo3DS/Programs/devkitPro/libctru/lib\libctru.a(synchronization.o)
                0x00108550                LightEvent_Init
 .text.LightEvent_Clear
                0x00108588       0x7c c:/Nintendo3DS/Programs/devkitPro/libctru/lib\libctru.a(synchronization.o)
                0x00108588                LightEvent_Clear
 .text.LightEvent_Signal
                0x00108604       0xdc c:/Nintendo3DS/Programs/devkitPro/libctru/lib\libctru.a(synchronization.o)
                0x00108604                LightEvent_Signal
 .text.LightEvent_Wait
                0x001086e0       0xc8 c:/Nintendo3DS/Programs/devkitPro/libctru/lib\libctru.a(synchronization.o)
                0x001086e0                LightEvent_Wait
 .text.threadCreate
                0x001087a8      0x1c8 c:/Nintendo3DS/Programs/devkitPro/libctru/lib\libctru.a(thread.o)
                0x001087a8                threadCreate
 .text.threadJoin
                0x00108970       0x24 c:/Nintendo3DS/Programs/devkitPro/libctru/lib\libctru.a(thread.o)
                0x00108970                threadJoin
 .text.threadExit
                0x00108994       0x6c c:/Nintendo3DS/Programs/devkitPro/libctru/lib\libctru.a(thread.o)
                0x00108994                threadExit
 .text._thread_begin
                0x00108a00       0x3c c:/Nintendo3DS/Programs/devkitPro/libctru/lib\libctru.a(thread.o)
 .text.ptmSysmInit
                0x00108a3c       0x70 c:/Nintendo3DS/Programs/devkitPro/libctru/lib\libctru.a(ptmsysm.o)
                0x00108a3c                ptmSysmInit
 .text.ptmSysmExit
                0x00108aac       0x34 c:/Nintendo3DS/Programs/devkitPro/libctru/lib\libctru.a(ptmsysm.o)
                0x00108aac                ptmSysmExit
 .text.PTMSYSM_ConfigureNew3DSCPU
                0x00108ae0       0x34 c:/Nintendo3DS/Programs/devkitPro/libctru/lib\libctru.a(ptmsysm.o)
                0x00108ae0                PTMSYSM_ConfigureNew3DSCPU
 .text.rbtree_find
                0x00108b14       0x70 c:/Nintendo3DS/Programs/devkitPro/libctru/lib\libctru.a(rbtree_find.o)
                0x00108b14                rbtree_find
 .text.rbtree_init
                0x00108b84       0x14 c:/Nintendo3DS/Programs/devkitPro/libctru/lib\libctru.a(rbtree_init.o)
                0x00108b84                rbtree_init
 .text.do_insert
                0x00108b98      0x1d4 c:/Nintendo3DS/Programs/devkitPro/libctru/lib\libctru.a(rbtree_insert.o)
 .text.rbtree_insert
                0x00108d6c        0x8 c:/Nintendo3DS/Programs/devkitPro/libctru/lib\libctru.a(rbtree_insert.o)
                0x00108d6c                rbtree_insert
 .text.rbtree_remove
                0x00108d74      0x35c c:/Nintendo3DS/Programs/devkitPro/libctru/lib\libctru.a(rbtree_remove.o)
                0x00108d74                rbtree_remove
 .text.rbtree_rotate
                0x001090d0       0xac c:/Nintendo3DS/Programs/devkitPro/libctru/lib\libctru.a(rbtree_rotate.o)
                0x001090d0                rbtree_rotate
 .text.decode_utf16
                0x0010917c       0x60 c:/Nintendo3DS/Programs/devkitPro/libctru/lib\libctru.a(decode_utf16.o)
                0x0010917c                decode_utf16
 .text.encode_utf16
                0x001091dc       0x68 c:/Nintendo3DS/Programs/devkitPro/libctru/lib\libctru.a(encode_utf16.o)
                0x001091dc                encode_utf16
 .text.encode_utf8
                0x00109244      0x104 c:/Nintendo3DS/Programs/devkitPro/libctru/lib\libctru.a(encode_utf8.o)
                0x00109244                encode_utf8
 .text.osGetMemRegionSize
                0x00109348       0x58 c:/Nintendo3DS/Programs/devkitPro/libctru/lib\libctru.a(allocateHeaps.o)
 .text.__system_allocateHeaps
                0x001093a0      0x124 c:/Nintendo3DS/Programs/devkitPro/libctru/lib\libctru.a(allocateHeaps.o)
                0x001093a0                __system_allocateHeaps
 .text.__appExit
                0x001094c4       0x1c c:/Nintendo3DS/Programs/devkitPro/libctru/lib\libctru.a(appExit.o)
                0x001094c4                __appExit
 .text.__appInit
                0x001094e0       0x1c c:/Nintendo3DS/Programs/devkitPro/libctru/lib\libctru.a(appInit.o)
                0x001094e0                __appInit
 .text.__libctru_exit
                0x001094fc       0xa4 c:/Nintendo3DS/Programs/devkitPro/libctru/lib\libctru.a(ctru_exit.o)
                0x001094fc                __libctru_exit
 .text.rbtree_node_next
                0x001095a0       0x8c c:/Nintendo3DS/Programs/devkitPro/libctru/lib\libctru.a(rbtree_iterator.o)
                0x001095a0                rbtree_node_next
 .text.bsearch  0x0010962c       0x78 c:/nintendo3ds/programs/devkitpro/devkitarm/bin/../lib/gcc/arm-none-eabi/5.3.0/../../../../arm-none-eabi/lib/armv6k/fpu\libg.a(lib_a-bsearch.o)
                0x0010962c                bsearch
 .text.__errno  0x001096a4        0xc c:/nintendo3ds/programs/devkitpro/devkitarm/bin/../lib/gcc/arm-none-eabi/5.3.0/../../../../arm-none-eabi/lib/armv6k/fpu\libg.a(lib_a-errno.o)
                0x001096a4                __errno
 .text.__libc_fini_array
                0x001096b0       0x3c c:/nintendo3ds/programs/devkitpro/devkitarm/bin/../lib/gcc/arm-none-eabi/5.3.0/../../../../arm-none-eabi/lib/armv6k/fpu\libg.a(lib_a-fini.o)
                0x001096b0                __libc_fini_array
 .text.__libc_init_array
                0x001096ec       0x78 c:/nintendo3ds/programs/devkitpro/devkitarm/bin/../lib/gcc/arm-none-eabi/5.3.0/../../../../arm-none-eabi/lib/armv6k/fpu\libg.a(lib_a-init.o)
                0x001096ec                __libc_init_array
 .text.memalign
                0x00109764       0x20 c:/nintendo3ds/programs/devkitpro/devkitarm/bin/../lib/gcc/arm-none-eabi/5.3.0/../../../../arm-none-eabi/lib/armv6k/fpu\libg.a(lib_a-malign.o)
                0x00109764                memalign
 .text._memalign_r
                0x00109784      0x15c c:/nintendo3ds/programs/devkitpro/devkitarm/bin/../lib/gcc/arm-none-eabi/5.3.0/../../../../arm-none-eabi/lib/armv6k/fpu\libg.a(lib_a-malignr.o)
                0x00109784                _memalign_r
 .text.malloc   0x001098e0       0x18 c:/nintendo3ds/programs/devkitpro/devkitarm/bin/../lib/gcc/arm-none-eabi/5.3.0/../../../../arm-none-eabi/lib/armv6k/fpu\libg.a(lib_a-malloc.o)
                0x001098e0                malloc
 .text.free     0x001098f8       0x18 c:/nintendo3ds/programs/devkitpro/devkitarm/bin/../lib/gcc/arm-none-eabi/5.3.0/../../../../arm-none-eabi/lib/armv6k/fpu\libg.a(lib_a-malloc.o)
                0x001098f8                free
 .text._malloc_r
                0x00109910      0x7a8 c:/nintendo3ds/programs/devkitpro/devkitarm/bin/../lib/gcc/arm-none-eabi/5.3.0/../../../../arm-none-eabi/lib/armv6k/fpu\libg.a(lib_a-mallocr.o)
                0x00109910                _malloc_r
 .text.memcpy   0x0010a0b8       0xf0 c:/nintendo3ds/programs/devkitpro/devkitarm/bin/../lib/gcc/arm-none-eabi/5.3.0/../../../../arm-none-eabi/lib/armv6k/fpu\libg.a(lib_a-memcpy.o)
                0x0010a0b8                memcpy
 .text.memset   0x0010a1a8       0xf4 c:/nintendo3ds/programs/devkitpro/devkitarm/bin/../lib/gcc/arm-none-eabi/5.3.0/../../../../arm-none-eabi/lib/armv6k/fpu\libg.a(lib_a-memset.o)
                0x0010a1a8                memset
 .text.__malloc_lock
                0x0010a29c        0xc c:/nintendo3ds/programs/devkitpro/devkitarm/bin/../lib/gcc/arm-none-eabi/5.3.0/../../../../arm-none-eabi/lib/armv6k/fpu\libg.a(lib_a-mlock.o)
                0x0010a29c                __malloc_lock
 .text.__malloc_unlock
                0x0010a2a8        0xc c:/nintendo3ds/programs/devkitpro/devkitarm/bin/../lib/gcc/arm-none-eabi/5.3.0/../../../../arm-none-eabi/lib/armv6k/fpu\libg.a(lib_a-mlock.o)
                0x0010a2a8                __malloc_unlock
 .text.printf   0x0010a2b4       0x38 c:/nintendo3ds/programs/devkitpro/devkitarm/bin/../lib/gcc/arm-none-eabi/5.3.0/../../../../arm-none-eabi/lib/armv6k/fpu\libg.a(lib_a-printf.o)
                0x0010a2b4                printf
 .text.setvbuf  0x0010a2ec      0x1fc c:/nintendo3ds/programs/devkitpro/devkitarm/bin/../lib/gcc/arm-none-eabi/5.3.0/../../../../arm-none-eabi/lib/armv6k/fpu\libg.a(lib_a-setvbuf.o)
                0x0010a2ec                setvbuf
 .text.sscanf   0x0010a4e8       0x74 c:/nintendo3ds/programs/devkitpro/devkitarm/bin/../lib/gcc/arm-none-eabi/5.3.0/../../../../arm-none-eabi/lib/armv6k/fpu\libg.a(lib_a-sscanf.o)
                0x0010a4e8                sscanf
 .text.__sread  0x0010a55c       0x30 c:/nintendo3ds/programs/devkitpro/devkitarm/bin/../lib/gcc/arm-none-eabi/5.3.0/../../../../arm-none-eabi/lib/armv6k/fpu\libg.a(lib_a-stdio.o)
                0x0010a55c                __sread
 .text.__seofread
                0x0010a58c        0x8 c:/nintendo3ds/programs/devkitpro/devkitarm/bin/../lib/gcc/arm-none-eabi/5.3.0/../../../../arm-none-eabi/lib/armv6k/fpu\libg.a(lib_a-stdio.o)
                0x0010a58c                __seofread
 .text.__swrite
                0x0010a594       0x54 c:/nintendo3ds/programs/devkitpro/devkitarm/bin/../lib/gcc/arm-none-eabi/5.3.0/../../../../arm-none-eabi/lib/armv6k/fpu\libg.a(lib_a-stdio.o)
                0x0010a594                __swrite
 .text.__sseek  0x0010a5e8       0x2c c:/nintendo3ds/programs/devkitpro/devkitarm/bin/../lib/gcc/arm-none-eabi/5.3.0/../../../../arm-none-eabi/lib/armv6k/fpu\libg.a(lib_a-stdio.o)
                0x0010a5e8                __sseek
 .text.__sclose
                0x0010a614        0x8 c:/nintendo3ds/programs/devkitpro/devkitarm/bin/../lib/gcc/arm-none-eabi/5.3.0/../../../../arm-none-eabi/lib/armv6k/fpu\libg.a(lib_a-stdio.o)
                0x0010a614                __sclose
 .text.strchr   0x0010a61c      0x15c c:/nintendo3ds/programs/devkitpro/devkitarm/bin/../lib/gcc/arm-none-eabi/5.3.0/../../../../arm-none-eabi/lib/armv6k/fpu\libg.a(lib_a-strchr.o)
                0x0010a61c                strchr
 .text.strlen   0x0010a778       0x5c c:/nintendo3ds/programs/devkitpro/devkitarm/bin/../lib/gcc/arm-none-eabi/5.3.0/../../../../arm-none-eabi/lib/armv6k/fpu\libg.a(lib_a-strlen.o)
                0x0010a778                strlen
 .text.strncat  0x0010a7d4       0xa4 c:/nintendo3ds/programs/devkitpro/devkitarm/bin/../lib/gcc/arm-none-eabi/5.3.0/../../../../arm-none-eabi/lib/armv6k/fpu\libg.a(lib_a-strncat.o)
                0x0010a7d4                strncat
 .text.strncpy  0x0010a878       0xe0 c:/nintendo3ds/programs/devkitpro/devkitarm/bin/../lib/gcc/arm-none-eabi/5.3.0/../../../../arm-none-eabi/lib/armv6k/fpu\libg.a(lib_a-strncpy.o)
                0x0010a878                strncpy
 .text.__ssvfscanf_r
                0x0010a958     0x2c20 c:/nintendo3ds/programs/devkitpro/devkitarm/bin/../lib/gcc/arm-none-eabi/5.3.0/../../../../arm-none-eabi/lib/armv6k/fpu\libg.a(lib_a-svfscanf.o)
                0x0010a958                __ssvfscanf_r
 .text.__sprint_r.part.0
                0x0010d578       0xa4 c:/nintendo3ds/programs/devkitpro/devkitarm/bin/../lib/gcc/arm-none-eabi/5.3.0/../../../../arm-none-eabi/lib/armv6k/fpu\libg.a(lib_a-vfiprintf.o)
 .text.__sprint_r
                0x0010d61c       0x1c c:/nintendo3ds/programs/devkitpro/devkitarm/bin/../lib/gcc/arm-none-eabi/5.3.0/../../../../arm-none-eabi/lib/armv6k/fpu\libg.a(lib_a-vfiprintf.o)
                0x0010d61c                __sprint_r
 .text.get_arg  0x0010d638     0x161c c:/nintendo3ds/programs/devkitpro/devkitarm/bin/../lib/gcc/arm-none-eabi/5.3.0/../../../../arm-none-eabi/lib/armv6k/fpu\libg.a(lib_a-vfprintf.o)
 *fill*         0x0010ec54        0x4 
 .text._vfprintf_r
                0x0010ec58     0x4878 c:/nintendo3ds/programs/devkitpro/devkitarm/bin/../lib/gcc/arm-none-eabi/5.3.0/../../../../arm-none-eabi/lib/armv6k/fpu\libg.a(lib_a-vfprintf.o)
                0x0010ec58                _vfprintf_r
 .text.__sbprintf
                0x001134d0       0xcc c:/nintendo3ds/programs/devkitpro/devkitarm/bin/../lib/gcc/arm-none-eabi/5.3.0/../../../../arm-none-eabi/lib/armv6k/fpu\libg.a(lib_a-vfprintf.o)
 .text._wcrtomb_r
                0x0011359c       0x8c c:/nintendo3ds/programs/devkitpro/devkitarm/bin/../lib/gcc/arm-none-eabi/5.3.0/../../../../arm-none-eabi/lib/armv6k/fpu\libg.a(lib_a-wcrtomb.o)
                0x0011359c                _wcrtomb_r
 .text._wcsrtombs_r
                0x00113628       0x20 c:/nintendo3ds/programs/devkitpro/devkitarm/bin/../lib/gcc/arm-none-eabi/5.3.0/../../../../arm-none-eabi/lib/armv6k/fpu\libg.a(lib_a-wcsrtombs.o)
                0x00113628                _wcsrtombs_r
 .text.__utf8_wctomb
                0x00113648      0x114 c:/nintendo3ds/programs/devkitpro/devkitarm/bin/../lib/gcc/arm-none-eabi/5.3.0/../../../../arm-none-eabi/lib/armv6k/fpu\libg.a(lib_a-wctomb_r.o)
                0x00113648                __utf8_wctomb
 .text.__swsetup_r
                0x0011375c      0x148 c:/nintendo3ds/programs/devkitpro/devkitarm/bin/../lib/gcc/arm-none-eabi/5.3.0/../../../../arm-none-eabi/lib/armv6k/fpu\libg.a(lib_a-wsetup.o)
                0x0011375c                __swsetup_r
 .text.quorem   0x001138a4      0x1bc c:/nintendo3ds/programs/devkitpro/devkitarm/bin/../lib/gcc/arm-none-eabi/5.3.0/../../../../arm-none-eabi/lib/armv6k/fpu\libg.a(lib_a-dtoa.o)
 .text._dtoa_r  0x00113a60     0x12c8 c:/nintendo3ds/programs/devkitpro/devkitarm/bin/../lib/gcc/arm-none-eabi/5.3.0/../../../../arm-none-eabi/lib/armv6k/fpu\libg.a(lib_a-dtoa.o)
                0x00113a60                _dtoa_r
 .text.__sflush_r
                0x00114d28      0x230 c:/nintendo3ds/programs/devkitpro/devkitarm/bin/../lib/gcc/arm-none-eabi/5.3.0/../../../../arm-none-eabi/lib/armv6k/fpu\libg.a(lib_a-fflush.o)
                0x00114d28                __sflush_r
 .text._fflush_r
                0x00114f58       0x90 c:/nintendo3ds/programs/devkitpro/devkitarm/bin/../lib/gcc/arm-none-eabi/5.3.0/../../../../arm-none-eabi/lib/armv6k/fpu\libg.a(lib_a-fflush.o)
                0x00114f58                _fflush_r
 .text._cleanup_r
                0x00114fe8        0xc c:/nintendo3ds/programs/devkitpro/devkitarm/bin/../lib/gcc/arm-none-eabi/5.3.0/../../../../arm-none-eabi/lib/armv6k/fpu\libg.a(lib_a-findfp.o)
                0x00114fe8                _cleanup_r
 .text.std.isra.0
                0x00114ff4       0x80 c:/nintendo3ds/programs/devkitpro/devkitarm/bin/../lib/gcc/arm-none-eabi/5.3.0/../../../../arm-none-eabi/lib/armv6k/fpu\libg.a(lib_a-findfp.o)
 .text.__sinit  0x00115074       0x8c c:/nintendo3ds/programs/devkitpro/devkitarm/bin/../lib/gcc/arm-none-eabi/5.3.0/../../../../arm-none-eabi/lib/armv6k/fpu\libg.a(lib_a-findfp.o)
                0x00115074                __sinit
 .text.__sfp_lock_acquire
                0x00115100        0xc c:/nintendo3ds/programs/devkitpro/devkitarm/bin/../lib/gcc/arm-none-eabi/5.3.0/../../../../arm-none-eabi/lib/armv6k/fpu\libg.a(lib_a-findfp.o)
                0x00115100                __sfp_lock_acquire
 .text.__sfp_lock_release
                0x0011510c        0xc c:/nintendo3ds/programs/devkitpro/devkitarm/bin/../lib/gcc/arm-none-eabi/5.3.0/../../../../arm-none-eabi/lib/armv6k/fpu\libg.a(lib_a-findfp.o)
                0x0011510c                __sfp_lock_release
 .text.__fputwc
                0x00115118      0x124 c:/nintendo3ds/programs/devkitpro/devkitarm/bin/../lib/gcc/arm-none-eabi/5.3.0/../../../../arm-none-eabi/lib/armv6k/fpu\libg.a(lib_a-fputwc.o)
                0x00115118                __fputwc
 .text._fputwc_r
                0x0011523c       0xa8 c:/nintendo3ds/programs/devkitpro/devkitarm/bin/../lib/gcc/arm-none-eabi/5.3.0/../../../../arm-none-eabi/lib/armv6k/fpu\libg.a(lib_a-fputwc.o)
                0x0011523c                _fputwc_r
 .text._malloc_trim_r
                0x001152e4       0xf8 c:/nintendo3ds/programs/devkitpro/devkitarm/bin/../lib/gcc/arm-none-eabi/5.3.0/../../../../arm-none-eabi/lib/armv6k/fpu\libg.a(lib_a-freer.o)
                0x001152e4                _malloc_trim_r
 .text._free_r  0x001153dc      0x2e4 c:/nintendo3ds/programs/devkitpro/devkitarm/bin/../lib/gcc/arm-none-eabi/5.3.0/../../../../arm-none-eabi/lib/armv6k/fpu\libg.a(lib_a-freer.o)
                0x001153dc                _free_r
 .text.__sfvwrite_r
                0x001156c0      0x4a4 c:/nintendo3ds/programs/devkitpro/devkitarm/bin/../lib/gcc/arm-none-eabi/5.3.0/../../../../arm-none-eabi/lib/armv6k/fpu\libg.a(lib_a-fvwrite.o)
                0x001156c0                __sfvwrite_r
 .text._fwalk_reent
                0x00115b64       0x80 c:/nintendo3ds/programs/devkitpro/devkitarm/bin/../lib/gcc/arm-none-eabi/5.3.0/../../../../arm-none-eabi/lib/armv6k/fpu\libg.a(lib_a-fwalk.o)
                0x00115b64                _fwalk_reent
 .text.iswspace
                0x00115be4       0x74 c:/nintendo3ds/programs/devkitpro/devkitarm/bin/../lib/gcc/arm-none-eabi/5.3.0/../../../../arm-none-eabi/lib/armv6k/fpu\libg.a(lib_a-iswspace.o)
                0x00115be4                iswspace
 .text.__jp2uc  0x00115c58      0x204 c:/nintendo3ds/programs/devkitpro/devkitarm/bin/../lib/gcc/arm-none-eabi/5.3.0/../../../../arm-none-eabi/lib/armv6k/fpu\libg.a(lib_a-jp2uc.o)
 .text._jp2uc   0x00115e5c       0x84 c:/nintendo3ds/programs/devkitpro/devkitarm/bin/../lib/gcc/arm-none-eabi/5.3.0/../../../../arm-none-eabi/lib/armv6k/fpu\libg.a(lib_a-jp2uc.o)
                0x00115e5c                _jp2uc
 .text.__locale_charset
                0x00115ee0        0xc c:/nintendo3ds/programs/devkitpro/devkitarm/bin/../lib/gcc/arm-none-eabi/5.3.0/../../../../arm-none-eabi/lib/armv6k/fpu\libg.a(lib_a-locale.o)
                0x00115ee0                __locale_charset
 .text.__locale_mb_cur_max
                0x00115eec       0x10 c:/nintendo3ds/programs/devkitpro/devkitarm/bin/../lib/gcc/arm-none-eabi/5.3.0/../../../../arm-none-eabi/lib/armv6k/fpu\libg.a(lib_a-locale.o)
                0x00115eec                __locale_mb_cur_max
 .text._localeconv_r
                0x00115efc        0xc c:/nintendo3ds/programs/devkitpro/devkitarm/bin/../lib/gcc/arm-none-eabi/5.3.0/../../../../arm-none-eabi/lib/armv6k/fpu\libg.a(lib_a-locale.o)
                0x00115efc                _localeconv_r
 .text.__smakebuf_r
                0x00115f08      0x160 c:/nintendo3ds/programs/devkitpro/devkitarm/bin/../lib/gcc/arm-none-eabi/5.3.0/../../../../arm-none-eabi/lib/armv6k/fpu\libg.a(lib_a-makebuf.o)
                0x00115f08                __smakebuf_r
 .text._mbrtowc_r
                0x00116068       0x98 c:/nintendo3ds/programs/devkitpro/devkitarm/bin/../lib/gcc/arm-none-eabi/5.3.0/../../../../arm-none-eabi/lib/armv6k/fpu\libg.a(lib_a-mbrtowc.o)
                0x00116068                _mbrtowc_r
 .text.__utf8_mbtowc
                0x00116100      0x2fc c:/nintendo3ds/programs/devkitpro/devkitarm/bin/../lib/gcc/arm-none-eabi/5.3.0/../../../../arm-none-eabi/lib/armv6k/fpu\libg.a(lib_a-mbtowc_r.o)
                0x00116100                __utf8_mbtowc
 .text.memchr   0x001163fc      0x100 c:/nintendo3ds/programs/devkitpro/devkitarm/bin/../lib/gcc/arm-none-eabi/5.3.0/../../../../arm-none-eabi/lib/armv6k/fpu\libg.a(lib_a-memchr.o)
                0x001163fc                memchr
 .text.memmove  0x001164fc      0x128 c:/nintendo3ds/programs/devkitpro/devkitarm/bin/../lib/gcc/arm-none-eabi/5.3.0/../../../../arm-none-eabi/lib/armv6k/fpu\libg.a(lib_a-memmove.o)
                0x001164fc                memmove
 .text._Balloc  0x00116624       0x8c c:/nintendo3ds/programs/devkitpro/devkitarm/bin/../lib/gcc/arm-none-eabi/5.3.0/../../../../arm-none-eabi/lib/armv6k/fpu\libg.a(lib_a-mprec.o)
                0x00116624                _Balloc
 .text._Bfree   0x001166b0       0x1c c:/nintendo3ds/programs/devkitpro/devkitarm/bin/../lib/gcc/arm-none-eabi/5.3.0/../../../../arm-none-eabi/lib/armv6k/fpu\libg.a(lib_a-mprec.o)
                0x001166b0                _Bfree
 .text.__multadd
                0x001166cc       0xd0 c:/nintendo3ds/programs/devkitpro/devkitarm/bin/../lib/gcc/arm-none-eabi/5.3.0/../../../../arm-none-eabi/lib/armv6k/fpu\libg.a(lib_a-mprec.o)
                0x001166cc                __multadd
 .text.__s2b    0x0011679c       0xe4 c:/nintendo3ds/programs/devkitpro/devkitarm/bin/../lib/gcc/arm-none-eabi/5.3.0/../../../../arm-none-eabi/lib/armv6k/fpu\libg.a(lib_a-mprec.o)
                0x0011679c                __s2b
 .text.__hi0bits
                0x00116880       0x5c c:/nintendo3ds/programs/devkitpro/devkitarm/bin/../lib/gcc/arm-none-eabi/5.3.0/../../../../arm-none-eabi/lib/armv6k/fpu\libg.a(lib_a-mprec.o)
                0x00116880                __hi0bits
 .text.__lo0bits
                0x001168dc       0x98 c:/nintendo3ds/programs/devkitpro/devkitarm/bin/../lib/gcc/arm-none-eabi/5.3.0/../../../../arm-none-eabi/lib/armv6k/fpu\libg.a(lib_a-mprec.o)
                0x001168dc                __lo0bits
 .text.__i2b    0x00116974       0x20 c:/nintendo3ds/programs/devkitpro/devkitarm/bin/../lib/gcc/arm-none-eabi/5.3.0/../../../../arm-none-eabi/lib/armv6k/fpu\libg.a(lib_a-mprec.o)
                0x00116974                __i2b
 .text.__multiply
                0x00116994      0x1dc c:/nintendo3ds/programs/devkitpro/devkitarm/bin/../lib/gcc/arm-none-eabi/5.3.0/../../../../arm-none-eabi/lib/armv6k/fpu\libg.a(lib_a-mprec.o)
                0x00116994                __multiply
 .text.__pow5mult
                0x00116b70      0x100 c:/nintendo3ds/programs/devkitpro/devkitarm/bin/../lib/gcc/arm-none-eabi/5.3.0/../../../../arm-none-eabi/lib/armv6k/fpu\libg.a(lib_a-mprec.o)
                0x00116b70                __pow5mult
 .text.__lshift
                0x00116c70       0xf0 c:/nintendo3ds/programs/devkitpro/devkitarm/bin/../lib/gcc/arm-none-eabi/5.3.0/../../../../arm-none-eabi/lib/armv6k/fpu\libg.a(lib_a-mprec.o)
                0x00116c70                __lshift
 .text.__mcmp   0x00116d60       0x64 c:/nintendo3ds/programs/devkitpro/devkitarm/bin/../lib/gcc/arm-none-eabi/5.3.0/../../../../arm-none-eabi/lib/armv6k/fpu\libg.a(lib_a-mprec.o)
                0x00116d60                __mcmp
 .text.__mdiff  0x00116dc4      0x198 c:/nintendo3ds/programs/devkitpro/devkitarm/bin/../lib/gcc/arm-none-eabi/5.3.0/../../../../arm-none-eabi/lib/armv6k/fpu\libg.a(lib_a-mprec.o)
                0x00116dc4                __mdiff
 .text.__ulp    0x00116f5c       0x78 c:/nintendo3ds/programs/devkitpro/devkitarm/bin/../lib/gcc/arm-none-eabi/5.3.0/../../../../arm-none-eabi/lib/armv6k/fpu\libg.a(lib_a-mprec.o)
                0x00116f5c                __ulp
 .text.__b2d    0x00116fd4       0xd4 c:/nintendo3ds/programs/devkitpro/devkitarm/bin/../lib/gcc/arm-none-eabi/5.3.0/../../../../arm-none-eabi/lib/armv6k/fpu\libg.a(lib_a-mprec.o)
                0x00116fd4                __b2d
 .text.__d2b    0x001170a8      0x104 c:/nintendo3ds/programs/devkitpro/devkitarm/bin/../lib/gcc/arm-none-eabi/5.3.0/../../../../arm-none-eabi/lib/armv6k/fpu\libg.a(lib_a-mprec.o)
                0x001170a8                __d2b
 .text.__ratio  0x001171ac       0x78 c:/nintendo3ds/programs/devkitpro/devkitarm/bin/../lib/gcc/arm-none-eabi/5.3.0/../../../../arm-none-eabi/lib/armv6k/fpu\libg.a(lib_a-mprec.o)
                0x001171ac                __ratio
 .text.__copybits
                0x00117224       0x6c c:/nintendo3ds/programs/devkitpro/devkitarm/bin/../lib/gcc/arm-none-eabi/5.3.0/../../../../arm-none-eabi/lib/armv6k/fpu\libg.a(lib_a-mprec.o)
                0x00117224                __copybits
 .text.__any_on
                0x00117290       0x80 c:/nintendo3ds/programs/devkitpro/devkitarm/bin/../lib/gcc/arm-none-eabi/5.3.0/../../../../arm-none-eabi/lib/armv6k/fpu\libg.a(lib_a-mprec.o)
                0x00117290                __any_on
 .text._realloc_r
                0x00117310      0x4c0 c:/nintendo3ds/programs/devkitpro/devkitarm/bin/../lib/gcc/arm-none-eabi/5.3.0/../../../../arm-none-eabi/lib/armv6k/fpu\libg.a(lib_a-reallocr.o)
                0x00117310                _realloc_r
 .text.__sccl   0x001177d0       0xd0 c:/nintendo3ds/programs/devkitpro/devkitarm/bin/../lib/gcc/arm-none-eabi/5.3.0/../../../../arm-none-eabi/lib/armv6k/fpu\libg.a(lib_a-sccl.o)
                0x001177d0                __sccl
 .text.nanf     0x001178a0        0xc c:/nintendo3ds/programs/devkitpro/devkitarm/bin/../lib/gcc/arm-none-eabi/5.3.0/../../../../arm-none-eabi/lib/armv6k/fpu\libg.a(lib_a-sf_nan.o)
                0x001178a0                nanf
 .text.__fpclassifyd
                0x001178ac       0x74 c:/nintendo3ds/programs/devkitpro/devkitarm/bin/../lib/gcc/arm-none-eabi/5.3.0/../../../../arm-none-eabi/lib/armv6k/fpu\libg.a(lib_a-s_fpclassify.o)
                0x001178ac                __fpclassifyd
 .text.frexp    0x00117920       0x98 c:/nintendo3ds/programs/devkitpro/devkitarm/bin/../lib/gcc/arm-none-eabi/5.3.0/../../../../arm-none-eabi/lib/armv6k/fpu\libg.a(lib_a-s_frexp.o)
                0x00117920                frexp
 .text.sprintf  0x001179b8       0x68 c:/nintendo3ds/programs/devkitpro/devkitarm/bin/../lib/gcc/arm-none-eabi/5.3.0/../../../../arm-none-eabi/lib/armv6k/fpu\libg.a(lib_a-sprintf.o)
                0x001179b8                sprintf
 .text.stpncpy  0x00117a20      0x108 c:/nintendo3ds/programs/devkitpro/devkitarm/bin/../lib/gcc/arm-none-eabi/5.3.0/../../../../arm-none-eabi/lib/armv6k/fpu\libg.a(lib_a-stpncpy.o)
                0x00117a20                stpncpy
 .text.strncmp  0x00117b28      0x11c c:/nintendo3ds/programs/devkitpro/devkitarm/bin/../lib/gcc/arm-none-eabi/5.3.0/../../../../arm-none-eabi/lib/armv6k/fpu\libg.a(lib_a-strncmp.o)
                0x00117b28                strncmp
 .text.unlikely.sulp
                0x00117c44       0x58 c:/nintendo3ds/programs/devkitpro/devkitarm/bin/../lib/gcc/arm-none-eabi/5.3.0/../../../../arm-none-eabi/lib/armv6k/fpu\libg.a(lib_a-strtod.o)
 *fill*         0x00117c9c        0x4 
 .text._strtod_r
                0x00117ca0     0x1450 c:/nintendo3ds/programs/devkitpro/devkitarm/bin/../lib/gcc/arm-none-eabi/5.3.0/../../../../arm-none-eabi/lib/armv6k/fpu\libg.a(lib_a-strtod.o)
                0x00117ca0                _strtod_r
 .text._strtoll_r
                0x001190f0      0x25c c:/nintendo3ds/programs/devkitpro/devkitarm/bin/../lib/gcc/arm-none-eabi/5.3.0/../../../../arm-none-eabi/lib/armv6k/fpu\libg.a(lib_a-strtoll_r.o)
                0x001190f0                _strtoll_r
 .text._strtol_r
                0x0011934c      0x1d4 c:/nintendo3ds/programs/devkitpro/devkitarm/bin/../lib/gcc/arm-none-eabi/5.3.0/../../../../arm-none-eabi/lib/armv6k/fpu\libg.a(lib_a-strtol.o)
                0x0011934c                _strtol_r
 .text._strtoull_r
                0x00119520      0x268 c:/nintendo3ds/programs/devkitpro/devkitarm/bin/../lib/gcc/arm-none-eabi/5.3.0/../../../../arm-none-eabi/lib/armv6k/fpu\libg.a(lib_a-strtoull_r.o)
                0x00119520                _strtoull_r
 .text._strtoul_r
                0x00119788      0x1d4 c:/nintendo3ds/programs/devkitpro/devkitarm/bin/../lib/gcc/arm-none-eabi/5.3.0/../../../../arm-none-eabi/lib/armv6k/fpu\libg.a(lib_a-strtoul.o)
                0x00119788                _strtoul_r
 .text.__ssprint_r
                0x0011995c      0x1a8 c:/nintendo3ds/programs/devkitpro/devkitarm/bin/../lib/gcc/arm-none-eabi/5.3.0/../../../../arm-none-eabi/lib/armv6k/fpu\libg.a(lib_a-svfiprintf.o)
                0x0011995c                __ssprint_r
 .text._sungetc_r
                0x00119b04       0xf8 c:/nintendo3ds/programs/devkitpro/devkitarm/bin/../lib/gcc/arm-none-eabi/5.3.0/../../../../arm-none-eabi/lib/armv6k/fpu\libg.a(lib_a-svfiscanf.o)
                0x00119b04                _sungetc_r
 .text.__ssrefill_r
                0x00119bfc       0x6c c:/nintendo3ds/programs/devkitpro/devkitarm/bin/../lib/gcc/arm-none-eabi/5.3.0/../../../../arm-none-eabi/lib/armv6k/fpu\libg.a(lib_a-svfiscanf.o)
                0x00119bfc                __ssrefill_r
 .text._sfread_r
                0x00119c68       0xc8 c:/nintendo3ds/programs/devkitpro/devkitarm/bin/../lib/gcc/arm-none-eabi/5.3.0/../../../../arm-none-eabi/lib/armv6k/fpu\libg.a(lib_a-svfiscanf.o)
                0x00119c68                _sfread_r
 .text.get_arg  0x00119d30     0x161c c:/nintendo3ds/programs/devkitpro/devkitarm/bin/../lib/gcc/arm-none-eabi/5.3.0/../../../../arm-none-eabi/lib/armv6k/fpu\libg.a(lib_a-svfprintf.o)
 *fill*         0x0011b34c        0x4 
 .text._svfprintf_r
                0x0011b350     0x4a00 c:/nintendo3ds/programs/devkitpro/devkitarm/bin/../lib/gcc/arm-none-eabi/5.3.0/../../../../arm-none-eabi/lib/armv6k/fpu\libg.a(lib_a-svfprintf.o)
                0x0011b350                _svfprintf_r
 .text.__submore
                0x0011fd50       0xa8 c:/nintendo3ds/programs/devkitpro/devkitarm/bin/../lib/gcc/arm-none-eabi/5.3.0/../../../../arm-none-eabi/lib/armv6k/fpu\libg.a(lib_a-ungetc.o)
                0x0011fd50                __submore
 .text.__swbuf_r
                0x0011fdf8      0x124 c:/nintendo3ds/programs/devkitpro/devkitarm/bin/../lib/gcc/arm-none-eabi/5.3.0/../../../../arm-none-eabi/lib/armv6k/fpu\libg.a(lib_a-wbuf.o)
                0x0011fdf8                __swbuf_r
 .text._wcsnrtombs_r
                0x0011ff1c      0x190 c:/nintendo3ds/programs/devkitpro/devkitarm/bin/../lib/gcc/arm-none-eabi/5.3.0/../../../../arm-none-eabi/lib/armv6k/fpu\libg.a(lib_a-wcsnrtombs.o)
                0x0011ff1c                _wcsnrtombs_r
 .text._calloc_r
                0x001200ac       0x90 c:/nintendo3ds/programs/devkitpro/devkitarm/bin/../lib/gcc/arm-none-eabi/5.3.0/../../../../arm-none-eabi/lib/armv6k/fpu\libg.a(lib_a-callocr.o)
                0x001200ac                _calloc_r
 .text._fclose_r
                0x0012013c      0x120 c:/nintendo3ds/programs/devkitpro/devkitarm/bin/../lib/gcc/arm-none-eabi/5.3.0/../../../../arm-none-eabi/lib/armv6k/fpu\libg.a(lib_a-fclose.o)
                0x0012013c                _fclose_r
 .text.rshift   0x0012025c       0xec c:/nintendo3ds/programs/devkitpro/devkitarm/bin/../lib/gcc/arm-none-eabi/5.3.0/../../../../arm-none-eabi/lib/armv6k/fpu\libg.a(lib_a-gdtoa-gethex.o)
 .text.__gethex
                0x00120348      0x7d0 c:/nintendo3ds/programs/devkitpro/devkitarm/bin/../lib/gcc/arm-none-eabi/5.3.0/../../../../arm-none-eabi/lib/armv6k/fpu\libg.a(lib_a-gdtoa-gethex.o)
                0x00120348                __gethex
 .text.__hexnan
                0x00120b18      0x258 c:/nintendo3ds/programs/devkitpro/devkitarm/bin/../lib/gcc/arm-none-eabi/5.3.0/../../../../arm-none-eabi/lib/armv6k/fpu\libg.a(lib_a-gdtoa-hexnan.o)
                0x00120b18                __hexnan
 .text.strnlen  0x00120d70       0x5c c:/nintendo3ds/programs/devkitpro/devkitarm/bin/../lib/gcc/arm-none-eabi/5.3.0/../../../../arm-none-eabi/lib/armv6k/fpu\libg.a(lib_a-strnlen.o)
                0x00120d70                strnlen
 .text.strrchr  0x00120dcc       0x44 c:/nintendo3ds/programs/devkitpro/devkitarm/bin/../lib/gcc/arm-none-eabi/5.3.0/../../../../arm-none-eabi/lib/armv6k/fpu\libg.a(lib_a-strrchr.o)
                0x00120dcc                strrchr
 *(.glue_7)
 .glue_7        0x00120e10        0x0 linker stubs
 *(.glue_7t)
 .glue_7t       0x00120e10        0x0 linker stubs
 *(.stub)
 *(.gnu.warning)
 *(.gnu.linkonce.t*)
                0x00120e10                . = ALIGN (0x4)
 *(.fini)
 .fini          0x00120e10        0xc c:/nintendo3ds/programs/devkitpro/devkitarm/bin/../lib/gcc/arm-none-eabi/5.3.0/armv6k/fpu/crti.o
                0x00120e10                _fini
 .fini          0x00120e1c        0xc c:/nintendo3ds/programs/devkitpro/devkitarm/bin/../lib/gcc/arm-none-eabi/5.3.0/armv6k/fpu/crtn.o
                0x00120e28                . = ALIGN (0x4)

.vfp11_veneer   0x00120e28        0x0
 .vfp11_veneer  0x00120e28        0x0 linker stubs

.v4_bx          0x00120e28        0x0
 .v4_bx         0x00120e28        0x0 linker stubs

.iplt           0x00120e28        0x0
 .iplt          0x00120e28        0x0 c:/nintendo3ds/programs/devkitpro/devkitarm/bin/../lib/gcc/arm-none-eabi/5.3.0/../../../../arm-none-eabi/lib/armv6k/fpu/3dsx_crt0.o

.rodata         0x00121000     0x48e0
 *(.rodata)
 .rodata        0x00121000       0x10 main.o
 .rodata        0x00121010      0x168 c:/Nintendo3DS/Programs/devkitPro/libctru/lib\libctru.a(console.o)
 .rodata        0x00121178       0x1c c:/Nintendo3DS/Programs/devkitPro/libctru/lib\libctru.a(gfx.o)
 .rodata        0x00121194       0x3c c:/Nintendo3DS/Programs/devkitPro/libctru/lib\libctru.a(sdmc_dev.o)
 .rodata        0x001211d0        0xc c:/Nintendo3DS/Programs/devkitPro/libctru/lib\libctru.a(apt.o)
 .rodata        0x001211dc      0x804 c:/Nintendo3DS/Programs/devkitPro/libctru/lib\libctru.a(default_font.bin.o)
                0x001211dc                default_font_bin
                0x001219dc                default_font_bin_size
                0x001219dc                default_font_bin_end
 .rodata        0x001219e0       0x68 c:/nintendo3ds/programs/devkitpro/devkitarm/bin/../lib/gcc/arm-none-eabi/5.3.0/../../../../arm-none-eabi/lib/armv6k/fpu\libsysbase.a(iosupport.o)
                0x001219e0                dotab_stdnull
 .rodata        0x00121a48        0xc c:/nintendo3ds/programs/devkitpro/devkitarm/bin/../lib/gcc/arm-none-eabi/5.3.0/../../../../arm-none-eabi/lib/armv6k/fpu\libsysbase.a(chdir.o)
                0x00121a48                DIRECTORY_PARENT
                0x00121a4c                DIRECTORY_THIS
                0x00121a50                DIRECTORY_SEPARATOR
 *(.roda)
 *(.rodata.*)
 .rodata.str1.4
                0x00121a54      0x19e main.o
                                0x1a0 (size before relaxing)
 *fill*         0x00121bf2        0x2 
 .rodata.str1.4
                0x00121bf4       0x70 c:/Nintendo3DS/Programs/devkitPro/libctru/lib\libctru.a(console.o)
 .rodata.str1.4
                0x00121c64        0xd c:/Nintendo3DS/Programs/devkitPro/libctru/lib\libctru.a(sdmc_dev.o)
                                 0x14 (size before relaxing)
 *fill*         0x00121c71        0x3 
 .rodata.str1.4
                0x00121c74        0xd c:/Nintendo3DS/Programs/devkitPro/libctru/lib\libctru.a(ac.o)
                                 0x10 (size before relaxing)
 *fill*         0x00121c81        0x3 
 .rodata.str1.4
                0x00121c84       0x16 c:/Nintendo3DS/Programs/devkitPro/libctru/lib\libctru.a(apt.o)
                                 0x18 (size before relaxing)
 *fill*         0x00121c9a        0x2 
 .rodata.str1.4
                0x00121c9c        0x8 c:/Nintendo3DS/Programs/devkitPro/libctru/lib\libctru.a(fs.o)
                                  0xc (size before relaxing)
 .rodata.str1.4
                0x00121ca4        0x9 c:/Nintendo3DS/Programs/devkitPro/libctru/lib\libctru.a(gspgpu.o)
                                  0xc (size before relaxing)
 *fill*         0x00121cad        0x3 
 .rodata.str1.4
                0x00121cb0       0x15 c:/Nintendo3DS/Programs/devkitPro/libctru/lib\libctru.a(hid.o)
                                 0x18 (size before relaxing)
 *fill*         0x00121cc5        0x3 
 .rodata.str1.4
                0x00121cc8        0x7 c:/Nintendo3DS/Programs/devkitPro/libctru/lib\libctru.a(irrst.o)
                                  0x8 (size before relaxing)
 *fill*         0x00121ccf        0x1 
 .rodata.str1.4
                0x00121cd0        0x5 c:/Nintendo3DS/Programs/devkitPro/libctru/lib\libctru.a(srv.o)
                                  0x8 (size before relaxing)
 .rodata.str1.4
                0x00121cd5        0x5 c:/Nintendo3DS/Programs/devkitPro/libctru/lib\libctru.a(thread.o)
                                  0x4 (size before relaxing)
 *fill*         0x00121cd5        0x3 
 .rodata.str1.4
                0x00121cd8        0x9 c:/Nintendo3DS/Programs/devkitPro/libctru/lib\libctru.a(ptmsysm.o)
                                  0xc (size before relaxing)
 .rodata.str1.4
                0x00121ce1        0x4 c:/nintendo3ds/programs/devkitpro/devkitarm/bin/../lib/gcc/arm-none-eabi/5.3.0/../../../../arm-none-eabi/lib/armv6k/fpu\libg.a(lib_a-impure.o)
 *fill*         0x00121ce1        0x3 
 .rodata.basefix.7044
                0x00121ce4       0x24 c:/nintendo3ds/programs/devkitpro/devkitarm/bin/../lib/gcc/arm-none-eabi/5.3.0/../../../../arm-none-eabi/lib/armv6k/fpu\libg.a(lib_a-svfscanf.o)
 .rodata.str1.4
                0x00121d08        0x5 c:/nintendo3ds/programs/devkitpro/devkitarm/bin/../lib/gcc/arm-none-eabi/5.3.0/../../../../arm-none-eabi/lib/armv6k/fpu\libg.a(lib_a-svfscanf.o)
                                  0x8 (size before relaxing)
 *fill*         0x00121d0d        0x3 
 .rodata.zeroes.7138
                0x00121d10       0x10 c:/nintendo3ds/programs/devkitpro/devkitarm/bin/../lib/gcc/arm-none-eabi/5.3.0/../../../../arm-none-eabi/lib/armv6k/fpu\libg.a(lib_a-vfprintf.o)
 .rodata.str1.4
                0x00121d20       0x42 c:/nintendo3ds/programs/devkitpro/devkitarm/bin/../lib/gcc/arm-none-eabi/5.3.0/../../../../arm-none-eabi/lib/armv6k/fpu\libg.a(lib_a-vfprintf.o)
                                 0x44 (size before relaxing)
 *fill*         0x00121d62        0x2 
 .rodata.blanks.7137
                0x00121d64       0x10 c:/nintendo3ds/programs/devkitpro/devkitarm/bin/../lib/gcc/arm-none-eabi/5.3.0/../../../../arm-none-eabi/lib/armv6k/fpu\libg.a(lib_a-vfprintf.o)
 .rodata._ctype_
                0x00121d74      0x104 c:/nintendo3ds/programs/devkitpro/devkitarm/bin/../lib/gcc/arm-none-eabi/5.3.0/../../../../arm-none-eabi/lib/armv6k/fpu\libg.a(lib_a-ctype_.o)
                0x00121d74                _ctype_
 .rodata.str1.4
                0x00121e78       0x10 c:/nintendo3ds/programs/devkitpro/devkitarm/bin/../lib/gcc/arm-none-eabi/5.3.0/../../../../arm-none-eabi/lib/armv6k/fpu\libg.a(lib_a-dtoa.o)
                                 0x14 (size before relaxing)
 .rodata.a1     0x00121e88       0xbc c:/nintendo3ds/programs/devkitpro/devkitarm/bin/../lib/gcc/arm-none-eabi/5.3.0/../../../../arm-none-eabi/lib/armv6k/fpu\libg.a(lib_a-jp2uc.o)
 .rodata.a2     0x00121f44       0xbc c:/nintendo3ds/programs/devkitpro/devkitarm/bin/../lib/gcc/arm-none-eabi/5.3.0/../../../../arm-none-eabi/lib/armv6k/fpu\libg.a(lib_a-jp2uc.o)
 .rodata.a3     0x00122000       0x5c c:/nintendo3ds/programs/devkitpro/devkitarm/bin/../lib/gcc/arm-none-eabi/5.3.0/../../../../arm-none-eabi/lib/armv6k/fpu\libg.a(lib_a-jp2uc.o)
 .rodata.a6     0x0012205c       0x70 c:/nintendo3ds/programs/devkitpro/devkitarm/bin/../lib/gcc/arm-none-eabi/5.3.0/../../../../arm-none-eabi/lib/armv6k/fpu\libg.a(lib_a-jp2uc.o)
 .rodata.a7     0x001220cc       0xa4 c:/nintendo3ds/programs/devkitpro/devkitarm/bin/../lib/gcc/arm-none-eabi/5.3.0/../../../../arm-none-eabi/lib/armv6k/fpu\libg.a(lib_a-jp2uc.o)
 .rodata.a8     0x00122170       0x40 c:/nintendo3ds/programs/devkitpro/devkitarm/bin/../lib/gcc/arm-none-eabi/5.3.0/../../../../arm-none-eabi/lib/armv6k/fpu\libg.a(lib_a-jp2uc.o)
 .rodata.str1.4
                0x001221b0       0x12 c:/nintendo3ds/programs/devkitpro/devkitarm/bin/../lib/gcc/arm-none-eabi/5.3.0/../../../../arm-none-eabi/lib/armv6k/fpu\libg.a(lib_a-jp2uc.o)
                                 0x14 (size before relaxing)
 *fill*         0x001221c2        0x2 
 .rodata.b02cf  0x001221c4     0x172c c:/nintendo3ds/programs/devkitpro/devkitarm/bin/../lib/gcc/arm-none-eabi/5.3.0/../../../../arm-none-eabi/lib/armv6k/fpu\libg.a(lib_a-jp2uc.o)
 .rodata.d02f4  0x001238f0     0x1a7c c:/nintendo3ds/programs/devkitpro/devkitarm/bin/../lib/gcc/arm-none-eabi/5.3.0/../../../../arm-none-eabi/lib/armv6k/fpu\libg.a(lib_a-jp2uc.o)
 .rodata.str1.4
                0x0012536c      0x112 c:/nintendo3ds/programs/devkitpro/devkitarm/bin/../lib/gcc/arm-none-eabi/5.3.0/../../../../arm-none-eabi/lib/armv6k/fpu\libg.a(lib_a-locale.o)
                                0x130 (size before relaxing)
 .rodata.str1.4
                0x0012547e        0x4 c:/nintendo3ds/programs/devkitpro/devkitarm/bin/../lib/gcc/arm-none-eabi/5.3.0/../../../../arm-none-eabi/lib/armv6k/fpu\libg.a(lib_a-mbrtowc.o)
 *fill*         0x0012547e        0x2 
 .rodata.__mprec_tens
                0x00125480       0xc8 c:/nintendo3ds/programs/devkitpro/devkitarm/bin/../lib/gcc/arm-none-eabi/5.3.0/../../../../arm-none-eabi/lib/armv6k/fpu\libg.a(lib_a-mprec.o)
                0x00125480                __mprec_tens
 .rodata.p05.5412
                0x00125548        0xc c:/nintendo3ds/programs/devkitpro/devkitarm/bin/../lib/gcc/arm-none-eabi/5.3.0/../../../../arm-none-eabi/lib/armv6k/fpu\libg.a(lib_a-mprec.o)
 *fill*         0x00125554        0x4 
 .rodata.__mprec_bigtens
                0x00125558       0x28 c:/nintendo3ds/programs/devkitpro/devkitarm/bin/../lib/gcc/arm-none-eabi/5.3.0/../../../../arm-none-eabi/lib/armv6k/fpu\libg.a(lib_a-mprec.o)
                0x00125558                __mprec_bigtens
 .rodata.fpinan.5417
                0x00125580       0x14 c:/nintendo3ds/programs/devkitpro/devkitarm/bin/../lib/gcc/arm-none-eabi/5.3.0/../../../../arm-none-eabi/lib/armv6k/fpu\libg.a(lib_a-strtod.o)
 .rodata.str1.4
                0x00125594        0xf c:/nintendo3ds/programs/devkitpro/devkitarm/bin/../lib/gcc/arm-none-eabi/5.3.0/../../../../arm-none-eabi/lib/armv6k/fpu\libg.a(lib_a-strtod.o)
                                 0x10 (size before relaxing)
 *fill*         0x001255a3        0x1 
 .rodata.fpi.5381
                0x001255a4       0x14 c:/nintendo3ds/programs/devkitpro/devkitarm/bin/../lib/gcc/arm-none-eabi/5.3.0/../../../../arm-none-eabi/lib/armv6k/fpu\libg.a(lib_a-strtod.o)
 .rodata.tinytens
                0x001255b8       0x28 c:/nintendo3ds/programs/devkitpro/devkitarm/bin/../lib/gcc/arm-none-eabi/5.3.0/../../../../arm-none-eabi/lib/armv6k/fpu\libg.a(lib_a-strtod.o)
 .rodata.__state_table
                0x001255e0       0x6c c:/nintendo3ds/programs/devkitpro/devkitarm/bin/../lib/gcc/arm-none-eabi/5.3.0/../../../../arm-none-eabi/lib/armv6k/fpu\libg.a(lib_a-svfiprintf.o)
                0x001255e0                __state_table
 .rodata.__chclass
                0x0012564c      0x100 c:/nintendo3ds/programs/devkitpro/devkitarm/bin/../lib/gcc/arm-none-eabi/5.3.0/../../../../arm-none-eabi/lib/armv6k/fpu\libg.a(lib_a-svfiprintf.o)
                0x0012564c                __chclass
 .rodata.__action_table
                0x0012574c       0x6c c:/nintendo3ds/programs/devkitpro/devkitarm/bin/../lib/gcc/arm-none-eabi/5.3.0/../../../../arm-none-eabi/lib/armv6k/fpu\libg.a(lib_a-svfiprintf.o)
                0x0012574c                __action_table
 .rodata.blanks.7122
                0x001257b8       0x10 c:/nintendo3ds/programs/devkitpro/devkitarm/bin/../lib/gcc/arm-none-eabi/5.3.0/../../../../arm-none-eabi/lib/armv6k/fpu\libg.a(lib_a-svfprintf.o)
 .rodata.str1.4
                0x001257c8       0x44 c:/nintendo3ds/programs/devkitpro/devkitarm/bin/../lib/gcc/arm-none-eabi/5.3.0/../../../../arm-none-eabi/lib/armv6k/fpu\libg.a(lib_a-svfprintf.o)
 .rodata.zeroes.7123
                0x001257c8       0x10 c:/nintendo3ds/programs/devkitpro/devkitarm/bin/../lib/gcc/arm-none-eabi/5.3.0/../../../../arm-none-eabi/lib/armv6k/fpu\libg.a(lib_a-svfprintf.o)
 .rodata.__hexdig
                0x001257d8      0x100 c:/nintendo3ds/programs/devkitpro/devkitarm/bin/../lib/gcc/arm-none-eabi/5.3.0/../../../../arm-none-eabi/lib/armv6k/fpu\libg.a(lib_a-gdtoa-gethex.o)
                0x001257d8                __hexdig
 .rodata.str1.4
                0x001258d8        0x8 c:/nintendo3ds/programs/devkitpro/devkitarm/bin/../lib/gcc/arm-none-eabi/5.3.0/../../../../arm-none-eabi/lib/armv6k/fpu\libsysbase.a(iosupport.o)
 *all.rodata*(*)
 *(.gnu.linkonce.r*)
                0x001258e0                . = ALIGN (0x4)

.eh_frame       0x001258e0        0x0
 .eh_frame      0x001258e0        0x0 c:/nintendo3ds/programs/devkitpro/devkitarm/bin/../lib/gcc/arm-none-eabi/5.3.0/armv6k/fpu/crtbegin.o

.rel.dyn        0x001258e0        0x0
 .rel.iplt      0x001258e0        0x0 c:/nintendo3ds/programs/devkitpro/devkitarm/bin/../lib/gcc/arm-none-eabi/5.3.0/../../../../arm-none-eabi/lib/armv6k/fpu/3dsx_crt0.o

.ARM.extab
 *(.ARM.extab* .gnu.linkonce.armextab.*)
                0x001258e0                __exidx_start = .

ARM.exidx
 *(.ARM.exidx* .gnu.linkonce.armexidx.*)
                0x001258e0                __exidx_end = .

.data           0x00126000     0x2e28
 *(.data)
 .data          0x00126000       0x54 c:/Nintendo3DS/Programs/devkitPro/libctru/lib\libctru.a(console.o)
                0x00126000                defaultConsole
                0x0012604c                currentConsole
 .data          0x00126054        0xc c:/Nintendo3DS/Programs/devkitPro/libctru/lib\libctru.a(gfx.o)
 .data          0x00126060      0x46c c:/Nintendo3DS/Programs/devkitPro/libctru/lib\libctru.a(sdmc_dev.o)
 .data          0x001264cc        0x4 c:/Nintendo3DS/Programs/devkitPro/libctru/lib\libctru.a(apt.o)
 .data          0x001264d0        0x4 c:/Nintendo3DS/Programs/devkitPro/libctru/lib\libctru.a(gspgpu.o)
 .data          0x001264d4        0x4 c:/Nintendo3DS/Programs/devkitPro/libctru/lib\libctru.a(stack_adjust.o)
                0x001264d4                __stacksize__
 .data          0x001264d8       0x44 c:/nintendo3ds/programs/devkitpro/devkitarm/bin/../lib/gcc/arm-none-eabi/5.3.0/../../../../arm-none-eabi/lib/armv6k/fpu\libsysbase.a(iosupport.o)
                0x001264dc                devoptab_list
 .data          0x0012651c     0x1000 c:/nintendo3ds/programs/devkitpro/devkitarm/bin/../lib/gcc/arm-none-eabi/5.3.0/../../../../arm-none-eabi/lib/armv6k/fpu\libsysbase.a(chdir.o)
 .data          0x0012751c     0x1028 c:/nintendo3ds/programs/devkitpro/devkitarm/bin/../lib/gcc/arm-none-eabi/5.3.0/../../../../arm-none-eabi/lib/armv6k/fpu\libsysbase.a(handle_manager.o)
 *(.data.*)
 *fill*         0x00128544        0x4 
 .data.impure_data
                0x00128548      0x440 c:/nintendo3ds/programs/devkitpro/devkitarm/bin/../lib/gcc/arm-none-eabi/5.3.0/../../../../arm-none-eabi/lib/armv6k/fpu\libg.a(lib_a-impure.o)
 .data._impure_ptr
                0x00128988        0x4 c:/nintendo3ds/programs/devkitpro/devkitarm/bin/../lib/gcc/arm-none-eabi/5.3.0/../../../../arm-none-eabi/lib/armv6k/fpu\libg.a(lib_a-impure.o)
                0x00128988                _impure_ptr
 .data.__malloc_av_
                0x0012898c      0x408 c:/nintendo3ds/programs/devkitpro/devkitarm/bin/../lib/gcc/arm-none-eabi/5.3.0/../../../../arm-none-eabi/lib/armv6k/fpu\libg.a(lib_a-mallocr.o)
                0x0012898c                __malloc_av_
 .data.__malloc_trim_threshold
                0x00128d94        0x4 c:/nintendo3ds/programs/devkitpro/devkitarm/bin/../lib/gcc/arm-none-eabi/5.3.0/../../../../arm-none-eabi/lib/armv6k/fpu\libg.a(lib_a-mallocr.o)
                0x00128d94                __malloc_trim_threshold
 .data.__malloc_sbrk_base
                0x00128d98        0x4 c:/nintendo3ds/programs/devkitpro/devkitarm/bin/../lib/gcc/arm-none-eabi/5.3.0/../../../../arm-none-eabi/lib/armv6k/fpu\libg.a(lib_a-mallocr.o)
                0x00128d98                __malloc_sbrk_base
 .data.__malloc_lock_object
                0x00128d9c        0xc c:/nintendo3ds/programs/devkitpro/devkitarm/bin/../lib/gcc/arm-none-eabi/5.3.0/../../../../arm-none-eabi/lib/armv6k/fpu\libg.a(lib_a-mlock.o)
 .data.__wctomb
                0x00128da8        0x4 c:/nintendo3ds/programs/devkitpro/devkitarm/bin/../lib/gcc/arm-none-eabi/5.3.0/../../../../arm-none-eabi/lib/armv6k/fpu\libg.a(lib_a-wctomb_r.o)
                0x00128da8                __wctomb
 .data.__ctype_ptr__
                0x00128dac        0x4 c:/nintendo3ds/programs/devkitpro/devkitarm/bin/../lib/gcc/arm-none-eabi/5.3.0/../../../../arm-none-eabi/lib/armv6k/fpu\libg.a(lib_a-ctype_.o)
                0x00128dac                __ctype_ptr__
 .data.__sfp_lock
                0x00128db0        0xc c:/nintendo3ds/programs/devkitpro/devkitarm/bin/../lib/gcc/arm-none-eabi/5.3.0/../../../../arm-none-eabi/lib/armv6k/fpu\libg.a(lib_a-findfp.o)
 .data.__sinit_lock
                0x00128dbc        0xc c:/nintendo3ds/programs/devkitpro/devkitarm/bin/../lib/gcc/arm-none-eabi/5.3.0/../../../../arm-none-eabi/lib/armv6k/fpu\libg.a(lib_a-findfp.o)
 .data.lconv    0x00128dc8       0x38 c:/nintendo3ds/programs/devkitpro/devkitarm/bin/../lib/gcc/arm-none-eabi/5.3.0/../../../../arm-none-eabi/lib/armv6k/fpu\libg.a(lib_a-locale.o)
 .data.lc_ctype_charset
                0x00128e00       0x20 c:/nintendo3ds/programs/devkitpro/devkitarm/bin/../lib/gcc/arm-none-eabi/5.3.0/../../../../arm-none-eabi/lib/armv6k/fpu\libg.a(lib_a-locale.o)
 .data.__mb_cur_max
                0x00128e20        0x4 c:/nintendo3ds/programs/devkitpro/devkitarm/bin/../lib/gcc/arm-none-eabi/5.3.0/../../../../arm-none-eabi/lib/armv6k/fpu\libg.a(lib_a-locale.o)
                0x00128e20                __mb_cur_max
 .data.__mbtowc
                0x00128e24        0x4 c:/nintendo3ds/programs/devkitpro/devkitarm/bin/../lib/gcc/arm-none-eabi/5.3.0/../../../../arm-none-eabi/lib/armv6k/fpu\libg.a(lib_a-mbtowc_r.o)
                0x00128e24                __mbtowc
 *(.gnu.linkonce.d*)
                0x00128e28                . = ALIGN (0x4)

.igot.plt       0x00128e28        0x0
 .igot.plt      0x00128e28        0x0 c:/nintendo3ds/programs/devkitpro/devkitarm/bin/../lib/gcc/arm-none-eabi/5.3.0/../../../../arm-none-eabi/lib/armv6k/fpu/3dsx_crt0.o

.jcr            0x00128e28        0x0
 .jcr           0x00128e28        0x0 c:/nintendo3ds/programs/devkitpro/devkitarm/bin/../lib/gcc/arm-none-eabi/5.3.0/armv6k/fpu/crtbegin.o

.tm_clone_table
                0x00128e28        0x0
 .tm_clone_table
                0x00128e28        0x0 c:/nintendo3ds/programs/devkitpro/devkitarm/bin/../lib/gcc/arm-none-eabi/5.3.0/armv6k/fpu/crtbegin.o
 .tm_clone_table
                0x00128e28        0x0 c:/nintendo3ds/programs/devkitpro/devkitarm/bin/../lib/gcc/arm-none-eabi/5.3.0/armv6k/fpu/crtend.o
                0x00128e28                __TMC_END__

.tdata          0x00128e28        0x0
                0x00128e28                __tdata_lma = .
 *(.tdata)
 *(.tdata.*)
 *(.gnu.linkonce.td.*)
                0x00128e28                . = ALIGN (0x4)
                0x00128e28                __tdata_lma_end = .

.tbss           0x00128e28     0x340c
 *(.tbss)
 .tbss          0x00128e28     0x340c c:/Nintendo3DS/Programs/devkitPro/libctru/lib\libctru.a(sdmc_dev.o)
 *(.tbss.*)
 *(.gnu.linkonce.tb.*)
 *(.tcommon)
                0x0012c234                . = ALIGN (0x4)

.preinit_array  0x00128e28        0x0
                0x00128e28                PROVIDE (__preinit_array_start, .)
 *(.preinit_array)
                0x00128e28                PROVIDE (__preinit_array_end, .)

.init_array     0x00128e28        0x4
                0x00128e28                PROVIDE (__init_array_start, .)
 *(SORT(.init_array.*))
 *(.init_array)
 .init_array    0x00128e28        0x4 c:/nintendo3ds/programs/devkitpro/devkitarm/bin/../lib/gcc/arm-none-eabi/5.3.0/armv6k/fpu/crtbegin.o
                0x00128e2c                PROVIDE (__init_array_end, .)

.fini_array     0x00128e2c        0x4
                0x00128e2c                PROVIDE (__fini_array_start, .)
 *(.fini_array)
 .fini_array    0x00128e2c        0x4 c:/nintendo3ds/programs/devkitpro/devkitarm/bin/../lib/gcc/arm-none-eabi/5.3.0/armv6k/fpu/crtbegin.o
 *(SORT(.fini_array.*))
                0x00128e30                PROVIDE (__fini_array_end, .)

.ctors
 *crtbegin.o(.ctors)
 *(EXCLUDE_FILE(*crtend.o) .ctors)
 *(SORT(.ctors.*))
 *(.ctors)

.dtors
 *crtbegin.o(.dtors)
 *(EXCLUDE_FILE(*crtend.o) .dtors)
 *(SORT(.dtors.*))
 *(.dtors)
                0x00128e30                __bss_start__ = .

.bss            0x00128e30     0x57c8
 *(.dynbss)
 *(.bss)
 .bss           0x00128e30       0x1c c:/nintendo3ds/programs/devkitpro/devkitarm/bin/../lib/gcc/arm-none-eabi/5.3.0/armv6k/fpu/crtbegin.o
 .bss           0x00128e4c        0xc c:/Nintendo3DS/Programs/devkitPro/libctru/lib\libctru.a(gfx.o)
 .bss           0x00128e58       0x10 c:/Nintendo3DS/Programs/devkitPro/libctru/lib\libctru.a(sdmc_dev.o)
 .bss           0x00128e68        0x8 c:/Nintendo3DS/Programs/devkitPro/libctru/lib\libctru.a(ac.o)
 .bss           0x00128e70     0x1040 c:/Nintendo3DS/Programs/devkitPro/libctru/lib\libctru.a(apt.o)
 .bss           0x00129eb0       0x88 c:/Nintendo3DS/Programs/devkitPro/libctru/lib\libctru.a(fs.o)
 .bss           0x00129f38       0xa8 c:/Nintendo3DS/Programs/devkitPro/libctru/lib\libctru.a(gspgpu.o)
 .bss           0x00129fe0       0x2c c:/Nintendo3DS/Programs/devkitPro/libctru/lib\libctru.a(hid.o)
 .bss           0x0012a00c        0xc c:/Nintendo3DS/Programs/devkitPro/libctru/lib\libctru.a(irrst.o)
 .bss           0x0012a018        0x8 c:/Nintendo3DS/Programs/devkitPro/libctru/lib\libctru.a(stack_adjust.o)
 .bss           0x0012a020       0x14 c:/Nintendo3DS/Programs/devkitPro/libctru/lib\libctru.a(linear.o)
 .bss           0x0012a034       0x14 c:/Nintendo3DS/Programs/devkitPro/libctru/lib\libctru.a(mappable.o)
 .bss           0x0012a048       0x14 c:/Nintendo3DS/Programs/devkitPro/libctru/lib\libctru.a(vram.o)
 .bss           0x0012a05c        0x1 c:/Nintendo3DS/Programs/devkitPro/libctru/lib\libctru.a(os.o)
                0x0012a05c                __ctru_speedup
 *fill*         0x0012a05d        0x3 
 .bss           0x0012a060        0x8 c:/Nintendo3DS/Programs/devkitPro/libctru/lib\libctru.a(srv.o)
 .bss           0x0012a068        0x4 c:/Nintendo3DS/Programs/devkitPro/libctru/lib\libctru.a(synchronization.o)
 .bss           0x0012a06c        0x8 c:/Nintendo3DS/Programs/devkitPro/libctru/lib\libctru.a(ptmsysm.o)
 .bss           0x0012a074        0x4 c:/nintendo3ds/programs/devkitpro/devkitarm/bin/../lib/gcc/arm-none-eabi/5.3.0/../../../../arm-none-eabi/lib/armv6k/fpu\libsysbase.a(sbrk.o)
 .bss           0x0012a078        0x8 c:/nintendo3ds/programs/devkitpro/devkitarm/bin/../lib/gcc/arm-none-eabi/5.3.0/../../../../arm-none-eabi/lib/armv6k/fpu\libsysbase.a(malloc_vars.o)
                0x0012a078                fake_heap_start
                0x0012a07c                fake_heap_end